INFO:     127.0.0.1:43088 - "GET /status HTTP/1.1" 200 OK
r application startup.
2026-06-02 00:02:17,567 [INFO] Iniciando AVA TTS API...
2026-06-02 00:02:17,567 [INFO] [W0] Carregando Supertonic...
2026-06-02 00:02:17,568 [INFO] [W1] Carregando Supertonic...
2026-06-02 00:02:17,574 [INFO] [W2] Carregando Supertonic...
2026-06-02 00:02:17,575 [INFO] Loading model from /root/.cache/supertonic3
2026-06-02 00:02:17,575 [INFO] TTSPool iniciado com 3 workers
2026-06-02 00:02:17,575 [INFO] TTS API pronta
INFO:     Application startup complete.
2026-06-02 00:02:17,575 [INFO] Loading model from /root/.cache/supertonic3
2026-06-02 00:02:17,575 [INFO] Loading model from /root/.cache/supertonic3
2026-06-02 00:02:17,576 [INFO] Using ONNX providers: ['CPUExecutionProvider']
2026-06-02 00:02:17,576 [INFO] ONNX Runtime config: intra_threads=auto, inter_threads=auto
2026-06-02 00:02:17,577 [INFO] Using ONNX providers: ['CPUExecutionProvider']
2026-06-02 00:02:17,577 [INFO] Loading ONNX models with providers: ['CPUExecutionProvider']
2026-06-02 00:02:17,577 [INFO] ONNX Runtime config: intra_threads=auto, inter_threads=auto
2026-06-02 00:02:17,600 [INFO] Loading ONNX models with providers: ['CPUExecutionProvider']
2026-06-02 00:02:17,794 [INFO] Using ONNX providers: ['CPUExecutionProvider']
2026-06-02 00:02:18,058 [INFO] ONNX Runtime config: intra_threads=auto, inter_threads=auto
2026-06-02 00:02:18,880 [INFO] Loading ONNX models with providers: ['CPUExecutionProvider']
INFO:     Uvicorn running on http://0.0.0.0:3004 (Press CTRL+C to quit)
2026-06-02 00:02:19,133 [INFO] Successfully loaded all ONNX models
2026-06-02 00:02:19,181 [INFO] Successfully loaded all ONNX models
2026-06-02 00:02:19,502 [INFO] Loaded unicode indexer from /root/.cache/supertonic3/onnx/unicode_indexer.json (65536 entries)
2026-06-02 00:02:19,758 [INFO] Loaded unicode indexer from /root/.cache/supertonic3/onnx/unicode_indexer.json (65536 entries)
2026-06-02 00:02:19,790 [INFO] Model loaded successfully
2026-06-02 00:02:19,842 [INFO] Model loaded successfully
2026-06-02 00:02:19,843 [INFO] Successfully loaded all ONNX models
2026-06-02 00:02:19,843 [INFO] Initialized Supertonic engine (sample_rate=44100Hz, latent_dim=24)
2026-06-02 00:02:19,843 [INFO] Initialized Supertonic engine (sample_rate=44100Hz, latent_dim=24)
2026-06-02 00:02:19,847 [INFO] Loaded unicode indexer from /root/.cache/supertonic3/onnx/unicode_indexer.json (65536 entries)
2026-06-02 00:02:19,850 [INFO] Model loaded successfully
2026-06-02 00:02:19,850 [INFO] Initialized Supertonic engine (sample_rate=44100Hz, latent_dim=24)
2026-06-02 00:02:21,405 [INFO] [W0] Pronto (pré-aquecido)
2026-06-02 00:02:21,614 [INFO] [W2] Pronto (pré-aquecido)
2026-06-02 00:02:21,626 [INFO] [W1] Pronto (pré-aquecido)
