INFO:     127.0.0.1:52274 - "GET /status HTTP/1.1" 200 OK
r application startup.
2026-06-10 00:33:20,177 [INFO] [TTS] Iniciando AVA TTS API...
2026-06-10 00:33:20,178 [INFO] [TTS] [W0] Carregando Supertonic...
2026-06-10 00:33:20,184 [INFO] [TTS] [W1] Carregando Supertonic...
2026-06-10 00:33:20,185 [INFO] [TTS] Loading model from /root/.cache/supertonic3
2026-06-10 00:33:20,185 [INFO] [TTS] [W2] Carregando Supertonic...
2026-06-10 00:33:20,185 [INFO] [TTS] Loading model from /root/.cache/supertonic3
2026-06-10 00:33:20,186 [INFO] [TTS] TTSPool iniciado com 3 workers
2026-06-10 00:33:20,186 [INFO] [TTS] TTS API pronta
INFO:     Application startup complete.
2026-06-10 00:33:20,186 [INFO] [TTS] Loading model from /root/.cache/supertonic3
2026-06-10 00:33:20,186 [INFO] [TTS] Using ONNX providers: ['CPUExecutionProvider']
2026-06-10 00:33:20,187 [INFO] [TTS] Using ONNX providers: ['CPUExecutionProvider']
2026-06-10 00:33:20,187 [INFO] [TTS] ONNX Runtime config: intra_threads=auto, inter_threads=auto
2026-06-10 00:33:20,189 [INFO] [TTS] Loading ONNX models with providers: ['CPUExecutionProvider']
INFO:     Uvicorn running on http://0.0.0.0:3004 (Press CTRL+C to quit)
2026-06-10 00:33:20,189 [INFO] [TTS] ONNX Runtime config: intra_threads=auto, inter_threads=auto
2026-06-10 00:33:20,188 [INFO] [TTS] Using ONNX providers: ['CPUExecutionProvider']
2026-06-10 00:33:20,284 [INFO] [TTS] Loading ONNX models with providers: ['CPUExecutionProvider']
2026-06-10 00:33:20,786 [INFO] [TTS] ONNX Runtime config: intra_threads=auto, inter_threads=auto
2026-06-10 00:33:21,248 [INFO] [TTS] Successfully loaded all ONNX models
2026-06-10 00:33:21,267 [INFO] [TTS] Loading ONNX models with providers: ['CPUExecutionProvider']
2026-06-10 00:33:21,520 [INFO] [TTS] Loaded unicode indexer from /root/.cache/supertonic3/onnx/unicode_indexer.json (65536 entries)
2026-06-10 00:33:21,923 [INFO] [TTS] Model loaded successfully
2026-06-10 00:33:22,362 [INFO] [TTS] Initialized Supertonic engine (sample_rate=44100Hz, latent_dim=24)
2026-06-10 00:33:23,008 [INFO] [TTS] Successfully loaded all ONNX models
2026-06-10 00:33:23,050 [INFO] [TTS] Successfully loaded all ONNX models
2026-06-10 00:33:23,053 [INFO] [TTS] Loaded unicode indexer from /root/.cache/supertonic3/onnx/unicode_indexer.json (65536 entries)
2026-06-10 00:33:23,063 [INFO] [TTS] Loaded unicode indexer from /root/.cache/supertonic3/onnx/unicode_indexer.json (65536 entries)
2026-06-10 00:33:23,066 [INFO] [TTS] Model loaded successfully
2026-06-10 00:33:23,074 [INFO] [TTS] Initialized Supertonic engine (sample_rate=44100Hz, latent_dim=24)
2026-06-10 00:33:23,074 [INFO] [TTS] Model loaded successfully
2026-06-10 00:33:23,090 [INFO] [TTS] Initialized Supertonic engine (sample_rate=44100Hz, latent_dim=24)
2026-06-10 00:33:24,499 [INFO] [TTS] [W1] Pronto (pré-aquecido)
2026-06-10 00:33:24,678 [INFO] [TTS] [W0] Pronto (pré-aquecido)
2026-06-10 00:33:24,741 [INFO] [TTS] [W2] Pronto (pré-aquecido)
