INFO:     127.0.0.1:38784 - "GET /status HTTP/1.1" 200 OK
r application startup.
2026-06-02 00:03:50,102 [INFO] Iniciando AVA TTS API...
2026-06-02 00:03:50,103 [INFO] [W0] Carregando Supertonic...
2026-06-02 00:03:50,107 [INFO] [W1] Carregando Supertonic...
2026-06-02 00:03:50,107 [INFO] [W2] Carregando Supertonic...
2026-06-02 00:03:50,107 [INFO] Loading model from /root/.cache/supertonic3
2026-06-02 00:03:50,107 [INFO] TTSPool iniciado com 3 workers
2026-06-02 00:03:50,108 [INFO] Loading model from /root/.cache/supertonic3
2026-06-02 00:03:50,108 [INFO] Loading model from /root/.cache/supertonic3
2026-06-02 00:03:50,108 [INFO] Using ONNX providers: ['CPUExecutionProvider']
2026-06-02 00:03:50,108 [INFO] TTS API pronta
2026-06-02 00:03:50,109 [INFO] ONNX Runtime config: intra_threads=auto, inter_threads=auto
INFO:     Application startup complete.
2026-06-02 00:03:50,111 [INFO] Loading ONNX models with providers: ['CPUExecutionProvider']
2026-06-02 00:03:50,111 [INFO] Using ONNX providers: ['CPUExecutionProvider']
2026-06-02 00:03:50,143 [INFO] ONNX Runtime config: intra_threads=auto, inter_threads=auto
INFO:     Uvicorn running on http://0.0.0.0:3004 (Press CTRL+C to quit)
2026-06-02 00:03:50,110 [INFO] Using ONNX providers: ['CPUExecutionProvider']
2026-06-02 00:03:50,204 [INFO] Loading ONNX models with providers: ['CPUExecutionProvider']
2026-06-02 00:03:50,833 [INFO] ONNX Runtime config: intra_threads=auto, inter_threads=auto
2026-06-02 00:03:50,927 [INFO] Successfully loaded all ONNX models
2026-06-02 00:03:50,941 [INFO] Loading ONNX models with providers: ['CPUExecutionProvider']
2026-06-02 00:03:51,032 [INFO] Loaded unicode indexer from /root/.cache/supertonic3/onnx/unicode_indexer.json (65536 entries)
2026-06-02 00:03:51,155 [INFO] Model loaded successfully
2026-06-02 00:03:51,645 [INFO] Initialized Supertonic engine (sample_rate=44100Hz, latent_dim=24)
2026-06-02 00:03:51,996 [INFO] Successfully loaded all ONNX models
2026-06-02 00:03:52,317 [INFO] Successfully loaded all ONNX models
2026-06-02 00:03:52,320 [INFO] Loaded unicode indexer from /root/.cache/supertonic3/onnx/unicode_indexer.json (65536 entries)
2026-06-02 00:03:52,323 [INFO] Model loaded successfully
2026-06-02 00:03:52,326 [INFO] Loaded unicode indexer from /root/.cache/supertonic3/onnx/unicode_indexer.json (65536 entries)
2026-06-02 00:03:52,330 [INFO] Initialized Supertonic engine (sample_rate=44100Hz, latent_dim=24)
2026-06-02 00:03:52,333 [INFO] Model loaded successfully
2026-06-02 00:03:52,334 [INFO] Initialized Supertonic engine (sample_rate=44100Hz, latent_dim=24)
2026-06-02 00:03:53,658 [INFO] [W2] Pronto (pré-aquecido)
2026-06-02 00:03:53,807 [INFO] [W0] Pronto (pré-aquecido)
2026-06-02 00:03:53,878 [INFO] [W1] Pronto (pré-aquecido)
