INFO:     127.0.0.1:43636 - "GET /status HTTP/1.1" 200 OK
INFO:     127.0.0.1:41796 - "POST /stream HTTP/1.1" 200 OK
INFO:     127.0.0.1:41796 - "POST /stream HTTP/1.1" 200 OK
INFO:     127.0.0.1:41796 - "POST /stream HTTP/1.1" 200 OK
INFO:     127.0.0.1:41796 - "POST /stream HTTP/1.1" 200 OK
INFO:     127.0.0.1:41796 - "POST /stream HTTP/1.1" 200 OK
INFO:     127.0.0.1:41796 - "POST /stream HTTP/1.1" 200 OK
INFO:     127.0.0.1:41796 - "POST /stream HTTP/1.1" 200 OK
INFO:     127.0.0.1:41796 - "POST /stream HTTP/1.1" 200 OK
INFO:     127.0.0.1:41796 - "POST /stream HTTP/1.1" 200 OK
INFO:     127.0.0.1:41796 - "POST /stream HTTP/1.1" 200 OK
INFO:     127.0.0.1:41796 - "POST /stream HTTP/1.1" 200 OK
'CPUExecutionProvider']
INFO:     Application startup complete.
2026-06-01 22:52:56,498 [INFO] ONNX Runtime config: intra_threads=auto, inter_threads=auto
2026-06-01 22:52:56,499 [INFO] Using ONNX providers: ['CPUExecutionProvider']
2026-06-01 22:52:56,499 [INFO] Using ONNX providers: ['CPUExecutionProvider']
2026-06-01 22:52:56,499 [INFO] Loading ONNX models with providers: ['CPUExecutionProvider']
2026-06-01 22:52:56,499 [INFO] ONNX Runtime config: intra_threads=auto, inter_threads=auto
2026-06-01 22:52:56,499 [INFO] ONNX Runtime config: intra_threads=auto, inter_threads=auto
INFO:     Uvicorn running on http://0.0.0.0:3004 (Press CTRL+C to quit)
2026-06-01 22:52:56,523 [INFO] Loading ONNX models with providers: ['CPUExecutionProvider']
2026-06-01 22:52:56,582 [INFO] Loading ONNX models with providers: ['CPUExecutionProvider']
2026-06-01 22:52:57,671 [INFO] Successfully loaded all ONNX models
2026-06-01 22:52:59,448 [INFO] Loaded unicode indexer from /root/.cache/supertonic3/onnx/unicode_indexer.json (65536 entries)
2026-06-01 22:52:59,496 [INFO] Successfully loaded all ONNX models
2026-06-01 22:52:59,549 [INFO] Model loaded successfully
2026-06-01 22:52:59,589 [INFO] Successfully loaded all ONNX models
2026-06-01 22:52:59,591 [INFO] Initialized Supertonic engine (sample_rate=44100Hz, latent_dim=24)
2026-06-01 22:52:59,594 [INFO] Loaded unicode indexer from /root/.cache/supertonic3/onnx/unicode_indexer.json (65536 entries)
2026-06-01 22:52:59,602 [INFO] Loaded unicode indexer from /root/.cache/supertonic3/onnx/unicode_indexer.json (65536 entries)
2026-06-01 22:52:59,604 [INFO] Model loaded successfully
2026-06-01 22:52:59,610 [INFO] Model loaded successfully
2026-06-01 22:52:59,610 [INFO] Initialized Supertonic engine (sample_rate=44100Hz, latent_dim=24)
2026-06-01 22:52:59,610 [INFO] Initialized Supertonic engine (sample_rate=44100Hz, latent_dim=24)
2026-06-01 22:53:00,888 [INFO] [W0] Pronto (pré-aquecido)
2026-06-01 22:53:00,969 [INFO] [W2] Pronto (pré-aquecido)
2026-06-01 22:53:01,032 [INFO] [W1] Pronto (pré-aquecido)
2026-06-01 22:53:56,842 [INFO] [W2] seq=1 ok (1.38s) 'Usuário!'
2026-06-01 22:53:56,849 [INFO] [W0] seq=0 ok (1.30s) 'E aí,'
2026-06-01 22:53:56,853 [WARNING] [PLAY] seq=0 atrasado 60270ms — pula para seq=1
2026-06-01 22:53:56,854 [INFO] [STREAM] 2 sentenças enfileiradas em 817.75ms
2026-06-01 22:53:56,898 [INFO] [PLAY] seq=1 (61440 samples)
2026-06-01 22:53:58,003 [INFO] [W1] seq=2 ok (3.62s) 'Pronto para ter a mente explodindo um pouquinho?'
2026-06-01 22:53:58,004 [INFO] [STREAM] 1 sentenças enfileiradas em 815.99ms
2026-06-01 22:53:58,175 [INFO] [PLAY] Fala completa
2026-06-01 22:53:58,219 [INFO] [PLAY] seq=2 (159744 samples)
2026-06-01 22:53:59,943 [INFO] [W2] seq=3 ok (1.58s) 'Segura essa:'
2026-06-01 22:54:00,686 [INFO] [W0] seq=4 ok (6.04s) 'A maior parte do universo que conhecemos é basicam'
2026-06-01 22:54:00,686 [INFO] [STREAM] 2 sentenças enfileiradas em 1544.82ms
2026-06-01 22:54:01,535 [INFO] [PLAY] Fala completa
2026-06-01 22:54:01,578 [INFO] [PLAY] seq=3 (70656 samples)
2026-06-01 22:54:01,878 [INFO] [W0] seq=7 ok (1.32s) 'gás...'
2026-06-01 22:54:02,152 [INFO] [W1] seq=5 ok (2.68s) 'A gente pensa que tudo é estrela,'
2026-06-01 22:54:02,261 [INFO] [W2] seq=6 ok (1.35s) 'planeta,'
2026-06-01 22:54:02,262 [INFO] [STREAM] 3 sentenças enfileiradas em 1572.57ms
2026-06-01 22:54:03,019 [INFO] [PLAY] seq=4 (267264 samples)
2026-06-01 22:54:04,220 [INFO] [W1] seq=9 ok (1.43s) 'na verdade,'
2026-06-01 22:54:04,259 [INFO] [W0] seq=8 ok (1.28s) 'mas,'
2026-06-01 22:54:05,418 [INFO] [W2] seq=10 ok (7.19s) 'cerca de 95 por cento do universo não é nada disso'
2026-06-01 22:54:05,419 [INFO] [STREAM] 3 sentenças enfileiradas em 2347.13ms
2026-06-01 22:54:06,864 [INFO] [W0] seq=11 ok (4.04s) 'É composto por duas coisas super enigmáticas:'
2026-06-01 22:54:06,942 [INFO] [W1] seq=12 ok (3.18s) 'a Matéria Escura e a Energia Escura.'
2026-06-01 22:54:06,942 [INFO] [STREAM] 2 sentenças enfileiradas em 1517.89ms
2026-06-01 22:54:08,629 [INFO] [PLAY] Fala completa
2026-06-01 22:54:08,671 [INFO] [PLAY] seq=5 (119808 samples)
2026-06-01 22:54:10,484 [INFO] [W1] seq=15 ok (1.96s) 'mas não emite luz).'
2026-06-01 22:54:10,893 [INFO] [W2] seq=13 ok (1.99s) 'Pensa só no seguinte:'
2026-06-01 22:54:11,146 [INFO] [PLAY] seq=6 (61440 samples)
2026-06-01 22:54:11,443 [INFO] [W0] seq=14 ok (7.65s) 'a Matéria Escura é o "cimento" invisível que dá co'
2026-06-01 22:54:11,444 [INFO] [STREAM] 3 sentenças enfileiradas em 2412.97ms
2026-06-01 22:54:11,981 [INFO] [W1] seq=16 ok (1.97s) 'E a Energia Escura?'
2026-06-01 22:54:11,981 [INFO] [STREAM] 1 sentenças enfileiradas em 534.99ms
2026-06-01 22:54:12,426 [INFO] [PLAY] seq=7 (58368 samples)
2026-06-01 22:54:13,653 [INFO] [PLAY] seq=8 (58368 samples)
2026-06-01 22:54:13,691 [INFO] [W2] seq=17 ok (2.38s) 'Essa é a rainha do drama,'
2026-06-01 22:54:14,402 [INFO] [W0] seq=18 ok (6.22s) 'porque ela é a força repulsiva que está fazendo o '
2026-06-01 22:54:14,403 [INFO] [STREAM] 2 sentenças enfileiradas em 1766.41ms
2026-06-01 22:54:14,890 [INFO] [PLAY] seq=9 (64512 samples)
2026-06-01 22:54:16,213 [INFO] [PLAY] seq=10 (319488 samples)
2026-06-01 22:54:17,079 [INFO] [W1] seq=19 ok (1.32s) 'Então,'
2026-06-01 22:54:17,433 [INFO] [W0] seq=20 ok (1.52s) 'basicamente,'
2026-06-01 22:54:18,865 [INFO] [W2] seq=21 ok (10.16s) 'nós somos só uma pequena fração — uns 5 por cento '
2026-06-01 22:54:18,865 [INFO] [STREAM] 3 sentenças enfileiradas em 3053.48ms
2026-06-01 22:54:20,278 [INFO] [W1] seq=22 ok (8.72s) 'É tipo ser um convidado num jantar onde os anfitri'
2026-06-01 22:54:20,279 [INFO] [STREAM] 1 sentenças enfileiradas em 1411.0ms
2026-06-01 22:54:22,890 [INFO] [PLAY] seq=11 (178176 samples)
2026-06-01 22:54:26,613 [INFO] [PLAY] seq=12 (141312 samples)
2026-06-01 22:54:29,525 [INFO] [PLAY] seq=13 (89088 samples)
2026-06-01 22:54:31,413 [INFO] [PLAY] seq=14 (337920 samples)
2026-06-01 22:54:38,453 [INFO] [PLAY] seq=15 (89088 samples)
2026-06-01 22:54:40,288 [INFO] [PLAY] Fala completa
2026-06-01 22:54:40,330 [INFO] [PLAY] seq=16 (89088 samples)
2026-06-01 22:54:42,165 [INFO] [PLAY] seq=17 (107520 samples)
2026-06-01 22:54:44,405 [INFO] [PLAY] seq=18 (276480 samples)
2026-06-01 22:54:50,165 [INFO] [PLAY] Fala completa
2026-06-01 22:54:50,208 [INFO] [PLAY] seq=19 (58368 samples)
2026-06-01 22:54:51,413 [INFO] [PLAY] seq=20 (67584 samples)
2026-06-01 22:54:52,811 [INFO] [PLAY] seq=21 (448512 samples)
2026-06-01 22:55:02,165 [INFO] [PLAY] Fala completa
2026-06-01 22:55:02,209 [INFO] [PLAY] seq=22 (387072 samples)
2026-06-01 22:55:10,251 [INFO] [PLAY] Fala completa
