INFO:     127.0.0.1:36094 - "GET /status HTTP/1.1" 200 OK
INFO:     127.0.0.1:47666 - "POST /stream HTTP/1.1" 200 OK
INFO:     127.0.0.1:47666 - "POST /stream HTTP/1.1" 200 OK
INFO:     127.0.0.1:47666 - "POST /stream HTTP/1.1" 200 OK
INFO:     127.0.0.1:47666 - "POST /stream HTTP/1.1" 200 OK
INFO:     127.0.0.1:47666 - "POST /stream HTTP/1.1" 200 OK
INFO:     127.0.0.1:47666 - "POST /stream HTTP/1.1" 200 OK
INFO:     127.0.0.1:47666 - "POST /stream HTTP/1.1" 200 OK
INFO:     127.0.0.1:47666 - "POST /stream HTTP/1.1" 200 OK
INFO:     127.0.0.1:47666 - "POST /stream HTTP/1.1" 200 OK
INFO:     127.0.0.1:47666 - "POST /stream HTTP/1.1" 200 OK
INFO:     127.0.0.1:47666 - "POST /stream HTTP/1.1" 200 OK
INFO:     127.0.0.1:47666 - "POST /stream HTTP/1.1" 200 OK
INFO:     127.0.0.1:47666 - "POST /stream HTTP/1.1" 200 OK
INFO:     127.0.0.1:47666 - "POST /stream HTTP/1.1" 200 OK
INFO:     127.0.0.1:47666 - "POST /stream HTTP/1.1" 200 OK
INFO:     127.0.0.1:47666 - "POST /stream HTTP/1.1" 200 OK
INFO:     127.0.0.1:47666 - "POST /stream HTTP/1.1" 200 OK
oading model from /root/.cache/supertonic3
2026-06-02 11:45:05,173 [INFO] ONNX Runtime config: intra_threads=auto, inter_threads=auto
2026-06-02 11:45:05,989 [INFO] Successfully loaded all ONNX models
2026-06-02 11:45:05,989 [INFO] Loading ONNX models with providers: ['CPUExecutionProvider']
2026-06-02 11:45:05,989 [INFO] Using ONNX providers: ['CPUExecutionProvider']
2026-06-02 11:45:05,989 [INFO] ONNX Runtime config: intra_threads=auto, inter_threads=auto
2026-06-02 11:45:06,002 [INFO] Loading ONNX models with providers: ['CPUExecutionProvider']
2026-06-02 11:45:06,051 [INFO] Loaded unicode indexer from /root/.cache/supertonic3/onnx/unicode_indexer.json (65536 entries)
2026-06-02 11:45:06,285 [INFO] Model loaded successfully
2026-06-02 11:45:06,707 [INFO] Initialized Supertonic engine (sample_rate=44100Hz, latent_dim=24)
2026-06-02 11:45:08,395 [INFO] Successfully loaded all ONNX models
2026-06-02 11:45:08,435 [INFO] Successfully loaded all ONNX models
2026-06-02 11:45:08,450 [INFO] Loaded unicode indexer from /root/.cache/supertonic3/onnx/unicode_indexer.json (65536 entries)
2026-06-02 11:45:08,460 [INFO] Loaded unicode indexer from /root/.cache/supertonic3/onnx/unicode_indexer.json (65536 entries)
2026-06-02 11:45:08,462 [INFO] Model loaded successfully
2026-06-02 11:45:08,465 [INFO] Model loaded successfully
2026-06-02 11:45:08,466 [INFO] Initialized Supertonic engine (sample_rate=44100Hz, latent_dim=24)
2026-06-02 11:45:08,466 [INFO] Initialized Supertonic engine (sample_rate=44100Hz, latent_dim=24)
2026-06-02 11:45:09,730 [INFO] [W0] Pronto (pré-aquecido)
2026-06-02 11:45:09,969 [INFO] [W1] Pronto (pré-aquecido)
2026-06-02 11:45:10,014 [INFO] [W2] Pronto (pré-aquecido)
2026-06-02 11:55:42,657 [INFO] [W1] seq=1 ok (1.38s) 'Usuário!'
2026-06-02 11:55:42,670 [WARNING] [PLAY] seq=0 atrasado 637496ms — pula para seq=1
2026-06-02 11:55:42,679 [INFO] [W0] seq=0 ok (1.30s) 'E aí,'
2026-06-02 11:55:42,680 [INFO] [STREAM] 2 sentenças enfileiradas em 865.69ms
2026-06-02 11:55:42,725 [INFO] [PLAY] seq=1 (61440 samples)
2026-06-02 11:55:43,360 [INFO] [W2] seq=2 ok (2.50s) 'Pronto para mergulhar na química?'
2026-06-02 11:55:43,361 [INFO] [STREAM] 1 sentenças enfileiradas em 674.79ms
2026-06-02 11:55:43,991 [INFO] [PLAY] Fala completa
2026-06-02 11:55:44,034 [INFO] [PLAY] seq=2 (110592 samples)
2026-06-02 11:55:45,476 [INFO] [W1] seq=3 ok (5.96s) 'Alcanos são basicamente os "simples de coração" do'
2026-06-02 11:55:45,476 [INFO] [STREAM] 1 sentenças enfileiradas em 1178.89ms
2026-06-02 11:55:46,306 [INFO] [PLAY] Fala completa
2026-06-02 11:55:46,350 [INFO] [PLAY] seq=3 (264192 samples)
2026-06-02 11:55:49,250 [INFO] [W0] seq=4 ok (1.89s) 'De forma bem direta:'
2026-06-02 11:55:49,961 [INFO] [W2] seq=6 ok (1.35s) 'ou seja,'
2026-06-02 11:55:49,978 [INFO] [W1] seq=5 ok (3.43s) 'Alcanos são hidrocarbonetos saturados,'
2026-06-02 11:55:50,922 [INFO] [W0] seq=7 ok (5.49s) 'eles só têm ligações simples (C menos C) entre os '
2026-06-02 11:55:50,923 [INFO] [STREAM] 4 sentenças enfileiradas em 3035.07ms
2026-06-02 11:55:51,831 [INFO] [PLAY] Fala completa
2026-06-02 11:55:51,874 [INFO] [PLAY] seq=4 (86016 samples)
2026-06-02 11:55:52,220 [INFO] [W2] seq=9 ok (2.38s) 'eles já estão no máximo!'
2026-06-02 11:55:52,993 [INFO] [W1] seq=8 ok (7.60s) 'Eles estão "saturados" porque não deixam escapar n'
2026-06-02 11:55:52,994 [INFO] [STREAM] 2 sentenças enfileiradas em 1956.21ms
2026-06-02 11:55:53,634 [INFO] [PLAY] seq=5 (153600 samples)
2026-06-02 11:55:53,798 [INFO] [W2] seq=11 ok (1.27s) '1.'
2026-06-02 11:55:54,000 [INFO] [W0] seq=10 ok (2.77s) 'Resumindo as características:'
2026-06-02 11:55:54,001 [INFO] [STREAM] 2 sentenças enfileiradas em 1004.77ms
2026-06-02 11:55:55,670 [INFO] [W1] seq=12 ok (1.76s) 'Fórmula Geral:'
2026-06-02 11:55:55,994 [INFO] [W2] seq=13 ok (3.35s) 'A maioria segue a regra CnH2n mais 2.'
2026-06-02 11:55:55,997 [INFO] [STREAM] 2 sentenças enfileiradas em 1193.09ms
2026-06-02 11:55:56,834 [INFO] [PLAY] seq=6 (61440 samples)
2026-06-02 11:55:58,115 [INFO] [PLAY] seq=7 (242688 samples)
2026-06-02 11:55:59,076 [INFO] [W0] seq=14 ok (1.29s) '(Ex:'
2026-06-02 11:55:59,229 [INFO] [W1] seq=15 ok (2.03s) 'Metano (C1H4),'
2026-06-02 11:55:59,448 [INFO] [W2] seq=16 ok (2.00s) 'Etano (C2H6)).'
2026-06-02 11:55:59,448 [INFO] [STREAM] 3 sentenças enfileiradas em 1610.25ms
2026-06-02 11:56:01,090 [INFO] [W0] seq=17 ok (2.03s) 'Saturação Máxima:'
2026-06-02 11:56:01,174 [INFO] [W2] seq=18 ok (1.41s) 'Como disse,'
2026-06-02 11:56:01,512 [INFO] [W1] seq=19 ok (2.22s) 'só há ligações simples.'
2026-06-02 11:56:01,512 [INFO] [STREAM] 3 sentenças enfileiradas em 1574.26ms
2026-06-02 11:56:03,193 [INFO] [PLAY] seq=8 (337920 samples)
2026-06-02 11:56:03,283 [INFO] [W0] seq=20 ok (3.88s) 'Não tem dupla (C igual a C) nem tripla (C).'
2026-06-02 11:56:03,283 [INFO] [STREAM] 1 sentenças enfileiradas em 798.13ms
2026-06-02 11:56:03,995 [INFO] [W2] seq=21 ok (2.80s) 'Isso garante a estabilidade deles.'
2026-06-02 11:56:03,996 [INFO] [STREAM] 1 sentenças enfileiradas em 709.97ms
2026-06-02 11:56:07,891 [INFO] [W1] seq=22 ok (1.42s) 'Polaridade:'
2026-06-02 11:56:09,276 [INFO] [W1] seq=25 ok (1.51s) 'como solvent'
2026-06-02 11:56:09,587 [INFO] [W2] seq=24 ok (5.18s) 'o que faz com que sejam solúveis em outras substân'
2026-06-02 11:56:09,695 [INFO] [W0] seq=23 ok (4.87s) 'Geralmente são moléculas apolares (ou muito pouco '
2026-06-02 11:56:09,695 [INFO] [STREAM] 4 sentenças enfileiradas em 3160.37ms
2026-06-02 11:56:10,177 [INFO] [W1] seq=26 ok (1.56s) 'es orgânicos.'
2026-06-02 11:56:10,178 [INFO] [STREAM] 1 sentenças enfileiradas em 480.35ms
2026-06-02 11:56:10,232 [INFO] [PLAY] seq=9 (107520 samples)
2026-06-02 11:56:11,382 [INFO] [W2] seq=27 ok (1.55s) 'Reatividade:'
2026-06-02 11:56:11,700 [INFO] [W0] seq=28 ok (4.93s) 'São relativamente estáveis e reativos de forma mai'
2026-06-02 11:56:11,700 [INFO] [STREAM] 2 sentenças enfileiradas em 1519.01ms
2026-06-02 11:56:12,472 [INFO] [PLAY] Fala completa
2026-06-02 11:56:12,514 [INFO] [PLAY] seq=10 (122880 samples)
2026-06-02 11:56:14,862 [INFO] [W1] seq=29 ok (4.26s) 'A reação mais clássica deles é a substituição,'
2026-06-02 11:56:15,075 [INFO] [PLAY] seq=11 (58368 samples)
2026-06-02 11:56:15,195 [INFO] [W2] seq=30 ok (6.03s) 'onde um átomo de hidrogênio (H) é trocado por outr'
2026-06-02 11:56:15,195 [INFO] [STREAM] 2 sentenças enfileiradas em 1864.87ms
2026-06-02 11:56:16,269 [INFO] [PLAY] seq=12 (79872 samples)
2026-06-02 11:56:17,955 [INFO] [PLAY] seq=13 (150528 samples)
2026-06-02 11:56:17,966 [INFO] [W0] seq=31 ok (1.40s) 'Em resumo,'
2026-06-02 11:56:18,506 [INFO] [W1] seq=32 ok (1.88s) 'para não esquecer:'
2026-06-02 11:56:19,054 [INFO] [W2] seq=33 ok (6.72s) 'Alcanos são os caras que só andam com ligações sim'
2026-06-02 11:56:19,055 [INFO] [STREAM] 3 sentenças enfileiradas em 2366.1ms
2026-06-02 11:56:19,845 [INFO] [W1] seq=35 ok (1.84s) 'mas essenciais!'
2026-06-02 11:56:19,965 [INFO] [W0] seq=34 ok (2.39s) 'São o básico do básico,'
2026-06-02 11:56:19,965 [INFO] [STREAM] 2 sentenças enfileiradas em 908.91ms
2026-06-02 11:56:21,069 [INFO] [PLAY] seq=14 (58368 samples)
2026-06-02 11:56:22,274 [INFO] [PLAY] seq=15 (92160 samples)
2026-06-02 11:56:24,194 [INFO] [PLAY] seq=16 (89088 samples)
2026-06-02 11:56:26,072 [INFO] [PLAY] seq=17 (92160 samples)
2026-06-02 11:56:27,992 [INFO] [PLAY] seq=18 (64512 samples)
2026-06-02 11:56:29,315 [INFO] [PLAY] seq=19 (98304 samples)
2026-06-02 11:56:31,394 [INFO] [PLAY] Fala completa
2026-06-02 11:56:31,427 [INFO] [PLAY] seq=20 (172032 samples)
2026-06-02 11:56:34,989 [INFO] [PLAY] seq=21 (125952 samples)
2026-06-02 11:56:37,635 [INFO] [PLAY] seq=22 (64512 samples)
2026-06-02 11:56:38,947 [INFO] [PLAY] seq=23 (215040 samples)
2026-06-02 11:56:43,427 [INFO] [PLAY] seq=24 (230400 samples)
2026-06-02 11:56:48,227 [INFO] [PLAY] seq=25 (67584 samples)
2026-06-02 11:56:49,667 [INFO] [PLAY] seq=26 (70656 samples)
2026-06-02 11:56:51,107 [INFO] [PLAY] Fala completa
2026-06-02 11:56:51,150 [INFO] [PLAY] seq=27 (70656 samples)
2026-06-02 11:56:52,590 [INFO] [PLAY] seq=28 (218112 samples)
2026-06-02 11:56:57,155 [INFO] [PLAY] Fala completa
2026-06-02 11:56:57,187 [INFO] [PLAY] seq=29 (190464 samples)
2026-06-02 11:57:01,155 [INFO] [PLAY] seq=30 (267264 samples)
2026-06-02 11:57:06,712 [INFO] [PLAY] Fala completa
2026-06-02 11:57:06,755 [INFO] [PLAY] seq=31 (64512 samples)
2026-06-02 11:57:08,067 [INFO] [PLAY] seq=32 (82944 samples)
2026-06-02 11:57:09,795 [INFO] [PLAY] seq=33 (297984 samples)
2026-06-02 11:57:16,035 [INFO] [PLAY] seq=34 (107520 samples)
2026-06-02 11:57:18,275 [INFO] [PLAY] seq=35 (82944 samples)
2026-06-02 11:57:19,993 [INFO] [PLAY] Fala completa
