INFO:     Started server process [461]
INFO:     Waiting for application startup.
2026-06-10 00:26:07,160 [INFO] [TTS] Iniciando AVA TTS API...
2026-06-10 00:26:07,160 [INFO] [TTS] [W0] Carregando Supertonic...
2026-06-10 00:26:07,162 [INFO] [TTS] [W1] Carregando Supertonic...
2026-06-10 00:26:07,162 [INFO] [TTS] [W2] Carregando Supertonic...
2026-06-10 00:26:07,163 [INFO] [TTS] Loading model from /root/.cache/supertonic3
2026-06-10 00:26:07,163 [INFO] [TTS] Loading model from /root/.cache/supertonic3
2026-06-10 00:26:07,163 [INFO] [TTS] TTSPool iniciado com 3 workers
2026-06-10 00:26:07,163 [INFO] [TTS] Loading model from /root/.cache/supertonic3
2026-06-10 00:26:07,163 [INFO] [TTS] TTS API pronta
2026-06-10 00:26:07,164 [INFO] [TTS] Using ONNX providers: ['CPUExecutionProvider']
INFO:     Application startup complete.
2026-06-10 00:26:07,164 [INFO] [TTS] Using ONNX providers: ['CPUExecutionProvider']
2026-06-10 00:26:07,164 [INFO] [TTS] ONNX Runtime config: intra_threads=auto, inter_threads=auto
2026-06-10 00:26:07,164 [INFO] [TTS] ONNX Runtime config: intra_threads=auto, inter_threads=auto
2026-06-10 00:26:07,164 [INFO] [TTS] Using ONNX providers: ['CPUExecutionProvider']
2026-06-10 00:26:07,164 [INFO] [TTS] Loading ONNX models with providers: ['CPUExecutionProvider']
2026-06-10 00:26:07,165 [INFO] [TTS] Loading ONNX models with providers: ['CPUExecutionProvider']
2026-06-10 00:26:07,165 [INFO] [TTS] ONNX Runtime config: intra_threads=auto, inter_threads=auto
2026-06-10 00:26:07,469 [INFO] [TTS] Loading ONNX models with providers: ['CPUExecutionProvider']
ERROR:    [Errno 98] error while attempting to bind on address ('0.0.0.0', 3004): address already in use
