INFO:     127.0.0.1:54342 - "GET /status HTTP/1.1" 200 OK
INFO:     127.0.0.1:52184 - "POST /stream HTTP/1.1" 200 OK
INFO:     127.0.0.1:52184 - "POST /stream HTTP/1.1" 200 OK
INFO:     127.0.0.1:52184 - "POST /stream HTTP/1.1" 200 OK
INFO:     127.0.0.1:52184 - "POST /stream HTTP/1.1" 200 OK
INFO:     127.0.0.1:52184 - "POST /stream HTTP/1.1" 200 OK
INFO:     127.0.0.1:52184 - "POST /stream HTTP/1.1" 200 OK
INFO:     127.0.0.1:52184 - "POST /stream HTTP/1.1" 200 OK
INFO:     127.0.0.1:52184 - "POST /stream HTTP/1.1" 200 OK
INFO:     127.0.0.1:52184 - "POST /stream HTTP/1.1" 200 OK
INFO:     127.0.0.1:52184 - "POST /stream HTTP/1.1" 200 OK
INFO:     127.0.0.1:52184 - "POST /stream HTTP/1.1" 200 OK
INFO:     127.0.0.1:52184 - "POST /stream HTTP/1.1" 200 OK
INFO:     127.0.0.1:52184 - "POST /stream HTTP/1.1" 200 OK
INFO:     127.0.0.1:52184 - "POST /stream HTTP/1.1" 200 OK
INFO:     127.0.0.1:52184 - "POST /stream HTTP/1.1" 200 OK
Provider']
INFO:     Uvicorn running on http://0.0.0.0:3004 (Press CTRL+C to quit)
2026-06-02 00:24:48,863 [INFO] Using ONNX providers: ['CPUExecutionProvider']
2026-06-02 00:24:48,864 [INFO] ONNX Runtime config: intra_threads=auto, inter_threads=auto
2026-06-02 00:24:48,864 [INFO] Loading ONNX models with providers: ['CPUExecutionProvider']
2026-06-02 00:24:48,864 [INFO] Using ONNX providers: ['CPUExecutionProvider']
2026-06-02 00:24:49,065 [INFO] ONNX Runtime config: intra_threads=auto, inter_threads=auto
2026-06-02 00:24:49,411 [INFO] Loading ONNX models with providers: ['CPUExecutionProvider']
2026-06-02 00:24:53,683 [INFO] Successfully loaded all ONNX models
2026-06-02 00:24:53,684 [INFO] Successfully loaded all ONNX models
2026-06-02 00:24:54,310 [INFO] Loaded unicode indexer from /root/.cache/supertonic3/onnx/unicode_indexer.json (65536 entries)
2026-06-02 00:24:54,313 [INFO] Loaded unicode indexer from /root/.cache/supertonic3/onnx/unicode_indexer.json (65536 entries)
2026-06-02 00:24:54,313 [INFO] Successfully loaded all ONNX models
2026-06-02 00:24:54,315 [INFO] Model loaded successfully
2026-06-02 00:24:54,318 [INFO] Model loaded successfully
2026-06-02 00:24:54,319 [INFO] Initialized Supertonic engine (sample_rate=44100Hz, latent_dim=24)
2026-06-02 00:24:54,319 [INFO] Initialized Supertonic engine (sample_rate=44100Hz, latent_dim=24)
2026-06-02 00:24:54,321 [INFO] Loaded unicode indexer from /root/.cache/supertonic3/onnx/unicode_indexer.json (65536 entries)
2026-06-02 00:24:54,324 [INFO] Model loaded successfully
2026-06-02 00:24:54,325 [INFO] Initialized Supertonic engine (sample_rate=44100Hz, latent_dim=24)
2026-06-02 00:24:55,324 [INFO] [W1] Pronto (pré-aquecido)
2026-06-02 00:24:55,590 [INFO] [W0] Pronto (pré-aquecido)
2026-06-02 00:24:55,838 [INFO] [W2] Pronto (pré-aquecido)
2026-06-02 00:26:02,132 [INFO] [W0] seq=1 ok (1.38s) 'Usuário!'
2026-06-02 00:26:02,160 [WARNING] [PLAY] seq=0 atrasado 73173ms — pula para seq=1
2026-06-02 00:26:02,204 [INFO] [PLAY] seq=1 (61440 samples)
2026-06-02 00:26:02,502 [INFO] [W1] seq=0 ok (1.84s) 'Pode deixar comigo,'
2026-06-02 00:26:02,502 [INFO] [STREAM] 2 sentenças enfileiradas em 1041.67ms
2026-06-02 00:26:03,459 [INFO] [W2] seq=2 ok (3.10s) 'Já estou com a curiosidade em mãos.'
2026-06-02 00:26:03,459 [INFO] [STREAM] 1 sentenças enfileiradas em 954.26ms
2026-06-02 00:26:03,497 [INFO] [PLAY] seq=2 (138240 samples)
2026-06-02 00:26:04,148 [INFO] [W0] seq=3 ok (2.48s) 'Que tal um papo sobre animais?'
2026-06-02 00:26:04,149 [INFO] [STREAM] 1 sentenças enfileiradas em 686.06ms
2026-06-02 00:26:06,373 [INFO] [PLAY] seq=3 (110592 samples)
2026-06-02 00:26:06,769 [INFO] [W2] seq=5 ok (2.68s) 'porque eles são muito dramáticos.'
2026-06-02 00:26:07,105 [INFO] [W1] seq=4 ok (4.67s) 'Vamos falar de lulas e polvos—especificamente os p'
2026-06-02 00:26:07,105 [INFO] [STREAM] 2 sentenças enfileiradas em 1603.3ms
2026-06-02 00:26:07,947 [INFO] [W0] seq=6 ok (1.59s) 'A Curiosidade:'
2026-06-02 00:26:08,221 [INFO] [W2] seq=7 ok (2.48s) 'Um polvo tem três corações!'
2026-06-02 00:26:08,222 [INFO] [STREAM] 2 sentenças enfileiradas em 1114.7ms
2026-06-02 00:26:08,656 [INFO] [PLAY] Fala completa
2026-06-02 00:26:08,699 [INFO] [PLAY] seq=4 (208896 samples)
2026-06-02 00:26:11,746 [INFO] [W1] seq=8 ok (1.29s) 'Agora,'
2026-06-02 00:26:13,051 [INFO] [PLAY] seq=5 (119808 samples)
2026-06-02 00:26:13,752 [INFO] [W1] seq=11 ok (2.42s) 'Um coração é responsável'
2026-06-02 00:26:13,831 [INFO] [W0] seq=9 ok (4.61s) 'para não soar como uma lista de itens de supermerc'
2026-06-02 00:26:14,351 [INFO] [W2] seq=10 ok (4.85s) 'deixa eu explicar rapidinho o porquê disso ser tão'
2026-06-02 00:26:14,352 [INFO] [STREAM] 4 sentenças enfileiradas em 3843.54ms
2026-06-02 00:26:15,568 [INFO] [PLAY] seq=6 (70656 samples)
2026-06-02 00:26:15,677 [INFO] [W1] seq=12 ok (6.21s) 'por bombear sangue pelo corpo inteiro do polvo (o '
2026-06-02 00:26:15,678 [INFO] [STREAM] 1 sentenças enfileiradas em 1323.86ms
2026-06-02 00:26:16,258 [INFO] [W0] seq=13 ok (1.69s) 'Os outros dois?'
2026-06-02 00:26:16,259 [INFO] [STREAM] 1 sentenças enfileiradas em 577.54ms
2026-06-02 00:26:17,051 [INFO] [PLAY] seq=7 (110592 samples)
2026-06-02 00:26:17,472 [INFO] [W2] seq=14 ok (5.65s) 'Eles são dedicados exclusivamente a bombear o sang'
2026-06-02 00:26:17,472 [INFO] [STREAM] 1 sentenças enfileiradas em 1210.47ms
2026-06-02 00:26:18,041 [INFO] [W1] seq=15 ok (1.80s) 'Por que isso importa?'
2026-06-02 00:26:18,041 [INFO] [STREAM] 1 sentenças enfileiradas em 566.61ms
2026-06-02 00:26:19,323 [INFO] [PLAY] seq=8 (58368 samples)
2026-06-02 00:26:20,112 [INFO] [W0] seq=16 ok (9.70s) 'É tipo ter um motor principal e dois pequenos auxi'
2026-06-02 00:26:20,112 [INFO] [STREAM] 1 sentenças enfileiradas em 1932.05ms
2026-06-02 00:26:20,571 [INFO] [PLAY] seq=9 (205824 samples)
2026-06-02 00:26:21,196 [INFO] [W2] seq=17 ok (1.95s) 'Se um deles parar,'
2026-06-02 00:26:21,255 [INFO] [W1] seq=18 ok (2.73s) 'a performance cai drasticamente!'
2026-06-02 00:26:21,256 [INFO] [STREAM] 2 sentenças enfileiradas em 1140.97ms
2026-06-02 00:26:22,143 [INFO] [W2] seq=20 ok (1.31s) 'sério.'
2026-06-02 00:26:22,482 [INFO] [W0] seq=19 ok (2.87s) 'Eles são engenheiros biológicos,'
2026-06-02 00:26:22,483 [INFO] [STREAM] 2 sentenças enfileiradas em 1223.3ms
2026-06-02 00:26:23,408 [INFO] [W1] seq=21 ok (3.94s) 'Espero que tenha achado isso minimamente fascinant'
2026-06-02 00:26:23,409 [INFO] [STREAM] 1 sentenças enfileiradas em 922.63ms
2026-06-02 00:26:24,848 [INFO] [PLAY] seq=10 (215040 samples)
2026-06-02 00:26:25,113 [INFO] [W0] seq=22 ok (2.44s) 'Quer mais algo sobre espaço,'
2026-06-02 00:26:25,413 [INFO] [W2] seq=23 ok (4.35s) 'história ou prefere que eu mergulhe no mundo dos d'
2026-06-02 00:26:25,413 [INFO] [STREAM] 2 sentenças enfileiradas em 1493.26ms
2026-06-02 00:26:29,328 [INFO] [PLAY] seq=11 (107520 samples)
2026-06-02 00:26:31,568 [INFO] [PLAY] Fala completa
2026-06-02 00:26:31,611 [INFO] [PLAY] seq=12 (276480 samples)
2026-06-02 00:26:37,371 [INFO] [PLAY] seq=13 (76800 samples)
2026-06-02 00:26:38,971 [INFO] [PLAY] seq=14 (251904 samples)
2026-06-02 00:26:44,208 [INFO] [PLAY] seq=15 (79872 samples)
2026-06-02 00:26:45,852 [INFO] [PLAY] seq=16 (430080 samples)
2026-06-02 00:26:54,811 [INFO] [PLAY] seq=17 (86016 samples)
2026-06-02 00:26:56,603 [INFO] [PLAY] seq=18 (122880 samples)
