INFO:     127.0.0.1:35416 - "GET /status HTTP/1.1" 200 OK
INFO:     127.0.0.1:52948 - "POST /stream HTTP/1.1" 200 OK
INFO:     127.0.0.1:52948 - "POST /stream HTTP/1.1" 200 OK
INFO:     127.0.0.1:58616 - "POST /stream HTTP/1.1" 200 OK
INFO:     127.0.0.1:58616 - "POST /stream HTTP/1.1" 200 OK
INFO:     127.0.0.1:58616 - "POST /stream HTTP/1.1" 200 OK
INFO:     127.0.0.1:58616 - "POST /stream HTTP/1.1" 200 OK
INFO:     127.0.0.1:58616 - "POST /stream HTTP/1.1" 200 OK
INFO:     127.0.0.1:58616 - "POST /stream HTTP/1.1" 200 OK
INFO:     127.0.0.1:58616 - "POST /stream HTTP/1.1" 200 OK
INFO:     127.0.0.1:58616 - "POST /stream HTTP/1.1" 200 OK
INFO:     127.0.0.1:58616 - "POST /stream HTTP/1.1" 200 OK
INFO:     127.0.0.1:58616 - "POST /stream HTTP/1.1" 200 OK
6,256 [INFO] ONNX Runtime config: intra_threads=auto, inter_threads=auto
2026-06-02 11:31:16,257 [INFO] Loading ONNX models with providers: ['CPUExecutionProvider']
2026-06-02 11:31:16,297 [INFO] [W2] Carregando Supertonic...
2026-06-02 11:31:16,355 [INFO] TTSPool iniciado com 3 workers
2026-06-02 11:31:16,418 [INFO] Loading model from /root/.cache/supertonic3
2026-06-02 11:31:16,418 [INFO] TTS API pronta
2026-06-02 11:31:18,127 [INFO] Successfully loaded all ONNX models
INFO:     Application startup complete.
2026-06-02 11:31:18,171 [INFO] Successfully loaded all ONNX models
2026-06-02 11:31:18,171 [INFO] Using ONNX providers: ['CPUExecutionProvider']
2026-06-02 11:31:18,172 [INFO] ONNX Runtime config: intra_threads=auto, inter_threads=auto
2026-06-02 11:31:18,172 [INFO] Loading ONNX models with providers: ['CPUExecutionProvider']
2026-06-02 11:31:18,195 [INFO] Loaded unicode indexer from /root/.cache/supertonic3/onnx/unicode_indexer.json (65536 entries)
2026-06-02 11:31:18,249 [INFO] Loaded unicode indexer from /root/.cache/supertonic3/onnx/unicode_indexer.json (65536 entries)
2026-06-02 11:31:18,372 [INFO] Model loaded successfully
INFO:     Uvicorn running on http://0.0.0.0:3004 (Press CTRL+C to quit)
2026-06-02 11:31:18,501 [INFO] Model loaded successfully
2026-06-02 11:31:18,765 [INFO] Initialized Supertonic engine (sample_rate=44100Hz, latent_dim=24)
2026-06-02 11:31:18,830 [INFO] Successfully loaded all ONNX models
2026-06-02 11:31:18,831 [INFO] Initialized Supertonic engine (sample_rate=44100Hz, latent_dim=24)
2026-06-02 11:31:18,834 [INFO] Loaded unicode indexer from /root/.cache/supertonic3/onnx/unicode_indexer.json (65536 entries)
2026-06-02 11:31:18,837 [INFO] Model loaded successfully
2026-06-02 11:31:18,837 [INFO] Initialized Supertonic engine (sample_rate=44100Hz, latent_dim=24)
2026-06-02 11:31:19,898 [INFO] [W2] Pronto (pré-aquecido)
2026-06-02 11:31:20,082 [INFO] [W0] Pronto (pré-aquecido)
2026-06-02 11:31:20,144 [INFO] [W1] Pronto (pré-aquecido)
2026-06-02 11:32:11,495 [INFO] [W2] seq=0 ok (1.33s) 'Legenda:'
2026-06-02 11:32:11,506 [INFO] [PLAY] seq=0 (61440 samples)
2026-06-02 11:32:12,538 [INFO] [W0] seq=1 ok (8.28s) 'O lula gigante tem três corações — dois para bombe'
2026-06-02 11:32:12,538 [INFO] [STREAM] 2 sentenças enfileiradas em 1840.08ms
2026-06-02 11:32:12,787 [INFO] [PLAY] seq=1 (365568 samples)
2026-06-02 11:32:13,927 [INFO] [W1] seq=2 ok (8.61s) 'Isso explica como ele consegue manter seu corpo rí'
2026-06-02 11:32:13,927 [INFO] [STREAM] 1 sentenças enfileiradas em 1386.81ms
2026-06-02 11:32:20,380 [INFO] [PLAY] Fala completa
2026-06-02 11:32:20,423 [INFO] [PLAY] seq=2 (380928 samples)
2026-06-02 11:32:28,348 [INFO] [PLAY] Fala completa
2026-06-02 11:34:18,642 [INFO] [W2] seq=3 ok (1.30s) 'E aí,'
2026-06-02 11:34:18,665 [INFO] [PLAY] seq=3 (58368 samples)
2026-06-02 11:34:19,665 [INFO] [W0] seq=4 ok (1.38s) 'Usuário!'
2026-06-02 11:34:19,665 [INFO] [STREAM] 2 sentenças enfileiradas em 1932.99ms
2026-06-02 11:34:19,870 [INFO] [PLAY] seq=4 (61440 samples)
2026-06-02 11:34:21,150 [INFO] [PLAY] Fala completa
2026-06-02 11:34:21,241 [INFO] [W1] seq=5 ok (1.30s) 'Beleza?'
2026-06-02 11:34:21,241 [INFO] [STREAM] 1 sentenças enfileiradas em 1570.42ms
2026-06-02 11:34:21,267 [INFO] [PLAY] seq=5 (58368 samples)
2026-06-02 11:34:21,972 [INFO] [W2] seq=6 ok (2.45s) 'Já vou checar isso pra você.'
2026-06-02 11:34:21,972 [INFO] [STREAM] 1 sentenças enfileiradas em 727.63ms
2026-06-02 11:34:22,462 [INFO] [PLAY] Fala completa
2026-06-02 11:34:22,505 [INFO] [PLAY] seq=6 (110592 samples)
2026-06-02 11:34:23,164 [INFO] [W0] seq=7 ok (1.29s) 'Olha,'
2026-06-02 11:34:23,815 [INFO] [W1] seq=8 ok (4.42s) 'dependendo de quando exatamente você considera "o '
2026-06-02 11:34:24,403 [INFO] [W2] seq=9 ok (6.19s) 'o jogo mais recente que consta nos registros foi u'
2026-06-02 11:34:24,404 [INFO] [STREAM] 3 sentenças enfileiradas em 2428.14ms
2026-06-02 11:34:24,787 [INFO] [PLAY] Fala completa
2026-06-02 11:34:24,830 [INFO] [PLAY] seq=7 (58368 samples)
2026-06-02 11:34:24,945 [INFO] [W0] seq=10 ok (2.09s) 'a 1 sobre o Panamá.'
2026-06-02 11:34:24,945 [INFO] [STREAM] 1 sentenças enfileiradas em 536.84ms
2026-06-02 11:34:26,025 [INFO] [PLAY] seq=8 (196608 samples)
2026-06-02 11:34:28,022 [INFO] [W1] seq=11 ok (1.28s) 'Mas,'
2026-06-02 11:34:28,410 [INFO] [W0] seq=13 ok (3.39s) 'se houve algum amistoso ou torneiozinho'
2026-06-02 11:34:29,156 [INFO] [W2] seq=12 ok (8.45s) 'já que futebol é um esporte imprevisível (e às vez'
2026-06-02 11:34:29,156 [INFO] [STREAM] 3 sentenças enfileiradas em 2850.72ms
2026-06-02 11:34:29,999 [INFO] [W1] seq=14 ok (1.63s) 'depois disso,'
2026-06-02 11:34:30,085 [INFO] [W0] seq=15 ok (2.08s) 'pode ser que tenha mudado!'
2026-06-02 11:34:30,085 [INFO] [STREAM] 2 sentenças enfileiradas em 925.69ms
2026-06-02 11:34:30,114 [INFO] [PLAY] seq=9 (273408 samples)
2026-06-02 11:34:31,100 [INFO] [W2] seq=16 ok (4.60s) 'Mas esse foi o placar oficial mais recente que ten'
2026-06-02 11:34:31,101 [INFO] [STREAM] 1 sentenças enfileiradas em 1013.2ms
2026-06-02 11:34:31,820 [INFO] [W1] seq=17 ok (3.58s) 'Quer que eu cheque alguma outra data ou competição'
2026-06-02 11:34:31,821 [INFO] [STREAM] 1 sentenças enfileiradas em 718.23ms
2026-06-02 11:34:32,222 [INFO] [W0] seq=18 ok (1.59s) 'É só mandar!'
2026-06-02 11:34:32,222 [INFO] [STREAM] 1 sentenças enfileiradas em 398.94ms
2026-06-02 11:34:35,827 [INFO] [PLAY] Fala completa
2026-06-02 11:34:35,870 [INFO] [PLAY] seq=10 (92160 samples)
2026-06-02 11:34:37,790 [INFO] [PLAY] seq=11 (58368 samples)
2026-06-02 11:34:38,987 [INFO] [PLAY] seq=12 (374784 samples)
2026-06-02 11:34:46,782 [INFO] [PLAY] seq=13 (150528 samples)
2026-06-02 11:34:49,950 [INFO] [PLAY] seq=14 (73728 samples)
2026-06-02 11:34:51,465 [INFO] [PLAY] seq=15 (92160 samples)
2026-06-02 11:34:53,385 [INFO] [PLAY] Fala completa
2026-06-02 11:34:53,428 [INFO] [PLAY] seq=16 (205824 samples)
2026-06-02 11:34:57,705 [INFO] [PLAY] seq=17 (159744 samples)
2026-06-02 11:35:01,022 [INFO] [PLAY] Fala completa
2026-06-02 11:35:01,065 [INFO] [PLAY] seq=18 (70656 samples)
2026-06-02 11:35:02,505 [INFO] [PLAY] Fala completa
