INFO:     127.0.0.1:47026 - "GET /status HTTP/1.1" 200 OK
r application startup.
2026-06-10 00:26:57,326 [INFO] [TTS] Iniciando AVA TTS API...
2026-06-10 00:26:57,330 [INFO] [TTS] [W0] Carregando Supertonic...
2026-06-10 00:26:57,331 [INFO] [TTS] [W1] Carregando Supertonic...
2026-06-10 00:26:57,332 [INFO] [TTS] TTSPool iniciado com 3 workers
2026-06-10 00:26:57,333 [INFO] [TTS] TTS API pronta
2026-06-10 00:26:57,332 [INFO] [TTS] [W2] Carregando Supertonic...
2026-06-10 00:26:57,333 [INFO] [TTS] Loading model from /root/.cache/supertonic3
INFO:     Application startup complete.
2026-06-10 00:26:57,334 [INFO] [TTS] Using ONNX providers: ['CPUExecutionProvider']
2026-06-10 00:26:57,333 [INFO] [TTS] Loading model from /root/.cache/supertonic3
2026-06-10 00:26:57,337 [INFO] [TTS] Using ONNX providers: ['CPUExecutionProvider']
2026-06-10 00:26:57,336 [INFO] [TTS] ONNX Runtime config: intra_threads=auto, inter_threads=auto
2026-06-10 00:26:57,337 [INFO] [TTS] ONNX Runtime config: intra_threads=auto, inter_threads=auto
INFO:     Uvicorn running on http://0.0.0.0:3004 (Press CTRL+C to quit)
2026-06-10 00:26:57,337 [INFO] [TTS] Loading ONNX models with providers: ['CPUExecutionProvider']
2026-06-10 00:26:57,333 [INFO] [TTS] Loading model from /root/.cache/supertonic3
2026-06-10 00:26:57,338 [INFO] [TTS] Loading ONNX models with providers: ['CPUExecutionProvider']
2026-06-10 00:26:58,592 [INFO] [TTS] Successfully loaded all ONNX models
2026-06-10 00:26:59,378 [INFO] [TTS] Using ONNX providers: ['CPUExecutionProvider']
2026-06-10 00:26:59,379 [INFO] [TTS] ONNX Runtime config: intra_threads=auto, inter_threads=auto
2026-06-10 00:26:59,379 [INFO] [TTS] Loading ONNX models with providers: ['CPUExecutionProvider']
2026-06-10 00:26:59,435 [INFO] [TTS] Successfully loaded all ONNX models
2026-06-10 00:26:59,488 [INFO] [TTS] Loaded unicode indexer from /root/.cache/supertonic3/onnx/unicode_indexer.json (65536 entries)
2026-06-10 00:27:00,175 [INFO] [TTS] Model loaded successfully
2026-06-10 00:27:00,251 [INFO] [TTS] Initialized Supertonic engine (sample_rate=44100Hz, latent_dim=24)
2026-06-10 00:27:00,305 [INFO] [TTS] Loaded unicode indexer from /root/.cache/supertonic3/onnx/unicode_indexer.json (65536 entries)
2026-06-10 00:27:00,306 [INFO] [TTS] Successfully loaded all ONNX models
2026-06-10 00:27:00,308 [INFO] [TTS] Model loaded successfully
2026-06-10 00:27:00,309 [INFO] [TTS] Initialized Supertonic engine (sample_rate=44100Hz, latent_dim=24)
2026-06-10 00:27:00,312 [INFO] [TTS] Loaded unicode indexer from /root/.cache/supertonic3/onnx/unicode_indexer.json (65536 entries)
2026-06-10 00:27:00,320 [INFO] [TTS] Model loaded successfully
2026-06-10 00:27:00,321 [INFO] [TTS] Initialized Supertonic engine (sample_rate=44100Hz, latent_dim=24)
2026-06-10 00:27:01,394 [INFO] [TTS] [W1] Pronto (pré-aquecido)
2026-06-10 00:27:01,524 [INFO] [TTS] [W2] Pronto (pré-aquecido)
2026-06-10 00:27:01,774 [INFO] [TTS] [W0] Pronto (pré-aquecido)
