INFO:     Started server process [279]
INFO:     Waiting for application startup.
2026-06-10 00:24:54,744 [INFO] [TTS] Iniciando AVA TTS API...
2026-06-10 00:24:54,745 [INFO] [TTS] [W0] Carregando Supertonic...
2026-06-10 00:24:54,753 [INFO] [TTS] [W1] Carregando Supertonic...
2026-06-10 00:24:54,753 [INFO] [TTS] Loading model from /root/.cache/supertonic3
2026-06-10 00:24:54,753 [INFO] [TTS] [W2] Carregando Supertonic...
2026-06-10 00:24:54,753 [INFO] [TTS] TTSPool iniciado com 3 workers
2026-06-10 00:24:54,753 [INFO] [TTS] Loading model from /root/.cache/supertonic3
2026-06-10 00:24:54,753 [INFO] [TTS] Loading model from /root/.cache/supertonic3
2026-06-10 00:24:54,753 [INFO] [TTS] TTS API pronta
INFO:     Application startup complete.
2026-06-10 00:24:54,754 [INFO] [TTS] Using ONNX providers: ['CPUExecutionProvider']
2026-06-10 00:24:54,754 [INFO] [TTS] ONNX Runtime config: intra_threads=auto, inter_threads=auto
2026-06-10 00:24:54,754 [INFO] [TTS] Loading ONNX models with providers: ['CPUExecutionProvider']
2026-06-10 00:24:54,817 [INFO] [TTS] Using ONNX providers: ['CPUExecutionProvider']
2026-06-10 00:24:54,860 [INFO] [TTS] Using ONNX providers: ['CPUExecutionProvider']
2026-06-10 00:24:54,956 [INFO] [TTS] ONNX Runtime config: intra_threads=auto, inter_threads=auto
2026-06-10 00:24:55,091 [INFO] [TTS] ONNX Runtime config: intra_threads=auto, inter_threads=auto
2026-06-10 00:24:55,296 [INFO] [TTS] Loading ONNX models with providers: ['CPUExecutionProvider']
2026-06-10 00:24:55,404 [INFO] [TTS] Loading ONNX models with providers: ['CPUExecutionProvider']
2026-06-10 00:24:55,404 [INFO] [TTS] Successfully loaded all ONNX models
ERROR:    [Errno 98] error while attempting to bind on address ('0.0.0.0', 3004): address already in use
2026-06-10 00:24:55,662 [INFO] [TTS] Loaded unicode indexer from /root/.cache/supertonic3/onnx/unicode_indexer.json (65536 entries)
INFO:     Waiting for application shutdown.
2026-06-10 00:24:56,137 [INFO] [TTS] Model loaded successfully
2026-06-10 00:24:56,138 [INFO] [TTS] AVA TTS API encerrada
2026-06-10 00:24:56,563 [INFO] [TTS] Initialized Supertonic engine (sample_rate=44100Hz, latent_dim=24)
INFO:     Application shutdown complete.
2026-06-10 00:24:56,605 [INFO] [TTS] Successfully loaded all ONNX models
2026-06-10 00:24:56,674 [INFO] [TTS] Successfully loaded all ONNX models
