INFO:     127.0.0.1:59270 - "GET /status HTTP/1.1" 200 OK
r application startup.
2026-06-03 00:49:57,563 [INFO] Iniciando AVA TTS API...
2026-06-03 00:49:57,589 [INFO] [W0] Carregando Supertonic...
2026-06-03 00:49:57,589 [INFO] Loading model from /root/.cache/supertonic3
2026-06-03 00:49:57,590 [INFO] Using ONNX providers: ['CPUExecutionProvider']
2026-06-03 00:49:57,590 [INFO] ONNX Runtime config: intra_threads=auto, inter_threads=auto
2026-06-03 00:49:57,590 [INFO] Loading ONNX models with providers: ['CPUExecutionProvider']
2026-06-03 00:49:57,718 [INFO] [W1] Carregando Supertonic...
2026-06-03 00:49:57,719 [INFO] [W2] Carregando Supertonic...
2026-06-03 00:49:57,782 [INFO] Loading model from /root/.cache/supertonic3
2026-06-03 00:49:57,783 [INFO] TTSPool iniciado com 3 workers
2026-06-03 00:49:58,703 [INFO] Loading model from /root/.cache/supertonic3
2026-06-03 00:49:58,876 [INFO] Successfully loaded all ONNX models
2026-06-03 00:49:58,876 [INFO] TTS API pronta
INFO:     Application startup complete.
2026-06-03 00:49:58,877 [INFO] Using ONNX providers: ['CPUExecutionProvider']
2026-06-03 00:49:58,877 [INFO] ONNX Runtime config: intra_threads=auto, inter_threads=auto
2026-06-03 00:49:58,877 [INFO] Loading ONNX models with providers: ['CPUExecutionProvider']
2026-06-03 00:49:58,898 [INFO] Loaded unicode indexer from /root/.cache/supertonic3/onnx/unicode_indexer.json (65536 entries)
2026-06-03 00:49:59,134 [INFO] Model loaded successfully
2026-06-03 00:50:03,843 [INFO] Initialized Supertonic engine (sample_rate=44100Hz, latent_dim=24)
2026-06-03 00:50:05,482 [INFO] Successfully loaded all ONNX models
2026-06-03 00:50:05,492 [INFO] Using ONNX providers: ['CPUExecutionProvider']
2026-06-03 00:50:05,496 [INFO] ONNX Runtime config: intra_threads=auto, inter_threads=auto
2026-06-03 00:50:05,497 [INFO] Loading ONNX models with providers: ['CPUExecutionProvider']
2026-06-03 00:50:05,525 [INFO] Loaded unicode indexer from /root/.cache/supertonic3/onnx/unicode_indexer.json (65536 entries)
2026-06-03 00:50:05,587 [INFO] Model loaded successfully
2026-06-03 00:50:06,086 [INFO] Initialized Supertonic engine (sample_rate=44100Hz, latent_dim=24)
2026-06-03 00:50:09,026 [INFO] Successfully loaded all ONNX models
INFO:     Uvicorn running on http://0.0.0.0:3004 (Press CTRL+C to quit)
2026-06-03 00:50:09,063 [INFO] Loaded unicode indexer from /root/.cache/supertonic3/onnx/unicode_indexer.json (65536 entries)
2026-06-03 00:50:09,092 [INFO] Model loaded successfully
2026-06-03 00:50:09,092 [INFO] Initialized Supertonic engine (sample_rate=44100Hz, latent_dim=24)
2026-06-03 00:50:10,169 [INFO] [W2] Pronto (pré-aquecido)
2026-06-03 00:50:10,454 [INFO] [W1] Pronto (pré-aquecido)
2026-06-03 00:50:12,526 [INFO] [W0] Pronto (pré-aquecido)
