INFO:     127.0.0.1:54622 - "GET /status HTTP/1.1" 200 OK
r application startup.
2026-06-02 12:18:57,756 [INFO] Iniciando AVA TTS API...
2026-06-02 12:18:57,765 [INFO] [W0] Carregando Supertonic...
2026-06-02 12:18:57,766 [INFO] [W1] Carregando Supertonic...
2026-06-02 12:18:57,766 [INFO] Loading model from /root/.cache/supertonic3
2026-06-02 12:18:57,766 [INFO] [W2] Carregando Supertonic...
2026-06-02 12:18:57,766 [INFO] TTSPool iniciado com 3 workers
2026-06-02 12:18:57,767 [INFO] TTS API pronta
2026-06-02 12:18:57,767 [INFO] Loading model from /root/.cache/supertonic3
INFO:     Application startup complete.
2026-06-02 12:18:57,766 [INFO] Loading model from /root/.cache/supertonic3
2026-06-02 12:18:57,767 [INFO] Using ONNX providers: ['CPUExecutionProvider']
2026-06-02 12:18:57,768 [INFO] ONNX Runtime config: intra_threads=auto, inter_threads=auto
2026-06-02 12:18:57,768 [INFO] Using ONNX providers: ['CPUExecutionProvider']
2026-06-02 12:18:57,768 [INFO] ONNX Runtime config: intra_threads=auto, inter_threads=auto
2026-06-02 12:18:57,768 [INFO] Loading ONNX models with providers: ['CPUExecutionProvider']
2026-06-02 12:18:57,769 [INFO] Loading ONNX models with providers: ['CPUExecutionProvider']
2026-06-02 12:18:57,795 [INFO] Using ONNX providers: ['CPUExecutionProvider']
2026-06-02 12:18:57,885 [INFO] ONNX Runtime config: intra_threads=auto, inter_threads=auto
2026-06-02 12:18:58,014 [INFO] Loading ONNX models with providers: ['CPUExecutionProvider']
2026-06-02 12:18:59,487 [INFO] Successfully loaded all ONNX models
INFO:     Uvicorn running on http://0.0.0.0:3004 (Press CTRL+C to quit)
2026-06-02 12:18:59,852 [INFO] Successfully loaded all ONNX models
2026-06-02 12:19:00,110 [INFO] Loaded unicode indexer from /root/.cache/supertonic3/onnx/unicode_indexer.json (65536 entries)
2026-06-02 12:19:00,138 [INFO] Loaded unicode indexer from /root/.cache/supertonic3/onnx/unicode_indexer.json (65536 entries)
2026-06-02 12:19:00,141 [INFO] Model loaded successfully
2026-06-02 12:19:00,183 [INFO] Successfully loaded all ONNX models
2026-06-02 12:19:00,186 [INFO] Model loaded successfully
2026-06-02 12:19:00,186 [INFO] Initialized Supertonic engine (sample_rate=44100Hz, latent_dim=24)
2026-06-02 12:19:00,186 [INFO] Initialized Supertonic engine (sample_rate=44100Hz, latent_dim=24)
2026-06-02 12:19:00,189 [INFO] Loaded unicode indexer from /root/.cache/supertonic3/onnx/unicode_indexer.json (65536 entries)
2026-06-02 12:19:00,193 [INFO] Model loaded successfully
2026-06-02 12:19:00,193 [INFO] Initialized Supertonic engine (sample_rate=44100Hz, latent_dim=24)
2026-06-02 12:19:01,194 [INFO] [W1] Pronto (pré-aquecido)
2026-06-02 12:19:01,519 [INFO] [W0] Pronto (pré-aquecido)
2026-06-02 12:19:01,641 [INFO] [W2] Pronto (pré-aquecido)
