INFO:     Started server process [279]
INFO:     Waiting for application startup.
2026-06-10 00:25:51,947 [INFO] [TTS] Iniciando AVA TTS API...
2026-06-10 00:25:51,948 [INFO] [TTS] [W0] Carregando Supertonic...
2026-06-10 00:25:51,954 [INFO] [TTS] [W1] Carregando Supertonic...
2026-06-10 00:25:51,954 [INFO] [TTS] [W2] Carregando Supertonic...
2026-06-10 00:25:51,954 [INFO] [TTS] TTSPool iniciado com 3 workers
2026-06-10 00:25:51,954 [INFO] [TTS] Loading model from /root/.cache/supertonic3
2026-06-10 00:25:51,954 [INFO] [TTS] Loading model from /root/.cache/supertonic3
2026-06-10 00:25:51,954 [INFO] [TTS] Loading model from /root/.cache/supertonic3
2026-06-10 00:25:51,954 [INFO] [TTS] TTS API pronta
INFO:     Application startup complete.
2026-06-10 00:25:51,955 [INFO] [TTS] Using ONNX providers: ['CPUExecutionProvider']
2026-06-10 00:25:51,955 [INFO] [TTS] ONNX Runtime config: intra_threads=auto, inter_threads=auto
2026-06-10 00:25:51,955 [INFO] [TTS] Loading ONNX models with providers: ['CPUExecutionProvider']
2026-06-10 00:25:51,956 [INFO] [TTS] Using ONNX providers: ['CPUExecutionProvider']
2026-06-10 00:25:51,956 [INFO] [TTS] Using ONNX providers: ['CPUExecutionProvider']
2026-06-10 00:25:52,019 [INFO] [TTS] ONNX Runtime config: intra_threads=auto, inter_threads=auto
2026-06-10 00:25:52,577 [INFO] [TTS] ONNX Runtime config: intra_threads=auto, inter_threads=auto
2026-06-10 00:25:52,631 [INFO] [TTS] Loading ONNX models with providers: ['CPUExecutionProvider']
ERROR:    [Errno 98] error while attempting to bind on address ('0.0.0.0', 3004): address already in use
2026-06-10 00:25:52,661 [INFO] [TTS] Successfully loaded all ONNX models
INFO:     Waiting for application shutdown.
2026-06-10 00:25:52,662 [INFO] [TTS] Loading ONNX models with providers: ['CPUExecutionProvider']
2026-06-10 00:25:52,974 [INFO] [TTS] AVA TTS API encerrada
2026-06-10 00:25:53,257 [INFO] [TTS] Loaded unicode indexer from /root/.cache/supertonic3/onnx/unicode_indexer.json (65536 entries)
2026-06-10 00:25:53,311 [INFO] [TTS] Successfully loaded all ONNX models
INFO:     Application shutdown complete.
2026-06-10 00:25:53,355 [INFO] [TTS] Model loaded successfully
2026-06-10 00:25:53,470 [INFO] [TTS] Initialized Supertonic engine (sample_rate=44100Hz, latent_dim=24)
2026-06-10 00:25:53,841 [INFO] [TTS] Loaded unicode indexer from /root/.cache/supertonic3/onnx/unicode_indexer.json (65536 entries)
2026-06-10 00:25:53,869 [INFO] [TTS] Model loaded successfully
2026-06-10 00:25:53,917 [INFO] [TTS] Successfully loaded all ONNX models
