INFO:     127.0.0.1:58130 - "GET /status HTTP/1.1" 200 OK
r application startup.
2026-06-10 00:30:57,873 [INFO] [TTS] Iniciando AVA TTS API...
2026-06-10 00:30:57,874 [INFO] [TTS] [W0] Carregando Supertonic...
2026-06-10 00:30:57,880 [INFO] [TTS] [W1] Carregando Supertonic...
2026-06-10 00:30:57,880 [INFO] [TTS] Loading model from /root/.cache/supertonic3
2026-06-10 00:30:57,881 [INFO] [TTS] [W2] Carregando Supertonic...
2026-06-10 00:30:57,881 [INFO] [TTS] TTSPool iniciado com 3 workers
2026-06-10 00:30:57,881 [INFO] [TTS] Loading model from /root/.cache/supertonic3
2026-06-10 00:30:57,881 [INFO] [TTS] Loading model from /root/.cache/supertonic3
2026-06-10 00:30:57,881 [INFO] [TTS] TTS API pronta
INFO:     Application startup complete.
2026-06-10 00:30:57,882 [INFO] [TTS] Using ONNX providers: ['CPUExecutionProvider']
2026-06-10 00:30:57,883 [INFO] [TTS] ONNX Runtime config: intra_threads=auto, inter_threads=auto
2026-06-10 00:30:57,883 [INFO] [TTS] Using ONNX providers: ['CPUExecutionProvider']
INFO:     Uvicorn running on http://0.0.0.0:3004 (Press CTRL+C to quit)
2026-06-10 00:30:57,886 [INFO] [TTS] ONNX Runtime config: intra_threads=auto, inter_threads=auto
2026-06-10 00:30:57,886 [INFO] [TTS] Using ONNX providers: ['CPUExecutionProvider']
2026-06-10 00:30:57,885 [INFO] [TTS] Loading ONNX models with providers: ['CPUExecutionProvider']
2026-06-10 00:30:57,886 [INFO] [TTS] Loading ONNX models with providers: ['CPUExecutionProvider']
2026-06-10 00:30:57,886 [INFO] [TTS] ONNX Runtime config: intra_threads=auto, inter_threads=auto
2026-06-10 00:30:58,143 [INFO] [TTS] Loading ONNX models with providers: ['CPUExecutionProvider']
2026-06-10 00:31:00,901 [INFO] [TTS] Successfully loaded all ONNX models
2026-06-10 00:31:00,901 [INFO] [TTS] Successfully loaded all ONNX models
2026-06-10 00:31:01,011 [INFO] [TTS] Successfully loaded all ONNX models
2026-06-10 00:31:01,017 [INFO] [TTS] Loaded unicode indexer from /root/.cache/supertonic3/onnx/unicode_indexer.json (65536 entries)
2026-06-10 00:31:01,025 [INFO] [TTS] Loaded unicode indexer from /root/.cache/supertonic3/onnx/unicode_indexer.json (65536 entries)
2026-06-10 00:31:01,025 [INFO] [TTS] Loaded unicode indexer from /root/.cache/supertonic3/onnx/unicode_indexer.json (65536 entries)
2026-06-10 00:31:01,029 [INFO] [TTS] Model loaded successfully
2026-06-10 00:31:01,032 [INFO] [TTS] Model loaded successfully
2026-06-10 00:31:01,034 [INFO] [TTS] Model loaded successfully
2026-06-10 00:31:01,034 [INFO] [TTS] Initialized Supertonic engine (sample_rate=44100Hz, latent_dim=24)
2026-06-10 00:31:01,035 [INFO] [TTS] Initialized Supertonic engine (sample_rate=44100Hz, latent_dim=24)
2026-06-10 00:31:01,035 [INFO] [TTS] Initialized Supertonic engine (sample_rate=44100Hz, latent_dim=24)
2026-06-10 00:31:02,071 [INFO] [TTS] [W2] Pronto (pré-aquecido)
2026-06-10 00:31:02,401 [INFO] [TTS] [W1] Pronto (pré-aquecido)
2026-06-10 00:31:02,578 [INFO] [TTS] [W0] Pronto (pré-aquecido)
