INFO:     127.0.0.1:50994 - "GET /status HTTP/1.1" 200 OK
r application startup.
2026-06-02 12:17:05,250 [INFO] Iniciando AVA TTS API...
2026-06-02 12:17:05,267 [INFO] [W0] Carregando Supertonic...
2026-06-02 12:17:05,267 [INFO] [W1] Carregando Supertonic...
2026-06-02 12:17:05,268 [INFO] Loading model from /root/.cache/supertonic3
2026-06-02 12:17:05,267 [INFO] Loading model from /root/.cache/supertonic3
2026-06-02 12:17:05,269 [INFO] Using ONNX providers: ['CPUExecutionProvider']
2026-06-02 12:17:05,268 [INFO] TTSPool iniciado com 3 workers
2026-06-02 12:17:05,269 [INFO] TTS API pronta
2026-06-02 12:17:05,268 [INFO] [W2] Carregando Supertonic...
2026-06-02 12:17:05,269 [INFO] Loading model from /root/.cache/supertonic3
2026-06-02 12:17:05,268 [INFO] Using ONNX providers: ['CPUExecutionProvider']
2026-06-02 12:17:05,270 [INFO] ONNX Runtime config: intra_threads=auto, inter_threads=auto
2026-06-02 12:17:05,270 [INFO] Loading ONNX models with providers: ['CPUExecutionProvider']
INFO:     Application startup complete.
2026-06-02 12:17:05,269 [INFO] ONNX Runtime config: intra_threads=auto, inter_threads=auto
2026-06-02 12:17:05,705 [INFO] Loading ONNX models with providers: ['CPUExecutionProvider']
2026-06-02 12:17:06,531 [INFO] Successfully loaded all ONNX models
2026-06-02 12:17:06,550 [INFO] Using ONNX providers: ['CPUExecutionProvider']
2026-06-02 12:17:06,607 [INFO] ONNX Runtime config: intra_threads=auto, inter_threads=auto
2026-06-02 12:17:06,686 [INFO] Loaded unicode indexer from /root/.cache/supertonic3/onnx/unicode_indexer.json (65536 entries)
INFO:     Uvicorn running on http://0.0.0.0:3004 (Press CTRL+C to quit)
2026-06-02 12:17:06,686 [INFO] Loading ONNX models with providers: ['CPUExecutionProvider']
2026-06-02 12:17:06,815 [INFO] Model loaded successfully
2026-06-02 12:17:07,617 [INFO] Initialized Supertonic engine (sample_rate=44100Hz, latent_dim=24)
2026-06-02 12:17:07,705 [INFO] Successfully loaded all ONNX models
2026-06-02 12:17:09,875 [INFO] Successfully loaded all ONNX models
2026-06-02 12:17:09,878 [INFO] Loaded unicode indexer from /root/.cache/supertonic3/onnx/unicode_indexer.json (65536 entries)
2026-06-02 12:17:09,881 [INFO] Loaded unicode indexer from /root/.cache/supertonic3/onnx/unicode_indexer.json (65536 entries)
2026-06-02 12:17:09,884 [INFO] Model loaded successfully
2026-06-02 12:17:09,886 [INFO] Model loaded successfully
2026-06-02 12:17:09,886 [INFO] Initialized Supertonic engine (sample_rate=44100Hz, latent_dim=24)
2026-06-02 12:17:09,886 [INFO] Initialized Supertonic engine (sample_rate=44100Hz, latent_dim=24)
2026-06-02 12:17:11,373 [INFO] [W0] Pronto (pré-aquecido)
2026-06-02 12:17:11,381 [INFO] [W2] Pronto (pré-aquecido)
2026-06-02 12:17:11,668 [INFO] [W1] Pronto (pré-aquecido)
