INFO:     127.0.0.1:43292 - "GET /status HTTP/1.1" 200 OK
INFO:     127.0.0.1:37350 - "POST /stream HTTP/1.1" 200 OK
INFO:     127.0.0.1:37350 - "POST /stream HTTP/1.1" 200 OK
INFO:     127.0.0.1:37350 - "POST /stream HTTP/1.1" 200 OK
INFO] [TTS] [W1] Carregando Supertonic...
2026-06-10 01:27:12,533 [INFO] [TTS] [W2] Carregando Supertonic...
2026-06-10 01:27:12,533 [INFO] [TTS] TTSPool iniciado com 3 workers
2026-06-10 01:27:12,533 [INFO] [TTS] Loading model from /root/.cache/supertonic3
2026-06-10 01:27:12,534 [INFO] [TTS] Loading model from /root/.cache/supertonic3
2026-06-10 01:27:12,534 [INFO] [TTS] Loading model from /root/.cache/supertonic3
2026-06-10 01:27:12,534 [INFO] [TTS] TTS API pronta
2026-06-10 01:27:12,535 [INFO] [TTS] Using ONNX providers: ['CPUExecutionProvider']
2026-06-10 01:27:12,537 [INFO] [TTS] ONNX Runtime config: intra_threads=auto, inter_threads=auto
2026-06-10 01:27:12,537 [INFO] [TTS] Loading ONNX models with providers: ['CPUExecutionProvider']
INFO:     Application startup complete.
2026-06-10 01:27:12,535 [INFO] [TTS] Using ONNX providers: ['CPUExecutionProvider']
INFO:     Uvicorn running on http://0.0.0.0:3004 (Press CTRL+C to quit)
2026-06-10 01:27:12,536 [INFO] [TTS] Using ONNX providers: ['CPUExecutionProvider']
2026-06-10 01:27:12,653 [INFO] [TTS] ONNX Runtime config: intra_threads=auto, inter_threads=auto
2026-06-10 01:27:12,896 [INFO] [TTS] ONNX Runtime config: intra_threads=auto, inter_threads=auto
2026-06-10 01:27:13,499 [INFO] [TTS] Loading ONNX models with providers: ['CPUExecutionProvider']
2026-06-10 01:27:13,538 [INFO] [TTS] Successfully loaded all ONNX models
2026-06-10 01:27:13,538 [INFO] [TTS] Loading ONNX models with providers: ['CPUExecutionProvider']
2026-06-10 01:27:13,774 [INFO] [TTS] Loaded unicode indexer from /root/.cache/supertonic3/onnx/unicode_indexer.json (65536 entries)
2026-06-10 01:27:13,987 [INFO] [TTS] Model loaded successfully
2026-06-10 01:27:14,403 [INFO] [TTS] Initialized Supertonic engine (sample_rate=44100Hz, latent_dim=24)
2026-06-10 01:27:14,792 [INFO] [TTS] Successfully loaded all ONNX models
2026-06-10 01:27:15,160 [INFO] [TTS] Successfully loaded all ONNX models
2026-06-10 01:27:15,164 [INFO] [TTS] Loaded unicode indexer from /root/.cache/supertonic3/onnx/unicode_indexer.json (65536 entries)
2026-06-10 01:27:15,168 [INFO] [TTS] Loaded unicode indexer from /root/.cache/supertonic3/onnx/unicode_indexer.json (65536 entries)
2026-06-10 01:27:15,177 [INFO] [TTS] Model loaded successfully
2026-06-10 01:27:15,181 [INFO] [TTS] Initialized Supertonic engine (sample_rate=44100Hz, latent_dim=24)
2026-06-10 01:27:15,181 [INFO] [TTS] Model loaded successfully
2026-06-10 01:27:15,190 [INFO] [TTS] Initialized Supertonic engine (sample_rate=44100Hz, latent_dim=24)
2026-06-10 01:27:16,150 [INFO] [TTS] [W2] Pronto (pré-aquecido)
2026-06-10 01:27:16,740 [INFO] [TTS] [W1] Pronto (pré-aquecido)
2026-06-10 01:27:16,868 [INFO] [TTS] [W0] Pronto (pré-aquecido)
2026-06-10 01:28:31,527 [INFO] [TTS] [W2] seq=0 ok (1.86s) 'E aí, Usuário!'
2026-06-10 01:28:31,531 [INFO] [TTS] [STREAM] 1 sentenças enfileiradas em 514.71ms
2026-06-10 01:28:31,541 [INFO] [TTS] [PLAY] seq=0 (82944 samples)
2026-06-10 01:28:32,026 [INFO] [TTS] [W1] seq=1 ok (1.48s) 'Bora nessa!'
2026-06-10 01:28:32,028 [INFO] [TTS] [STREAM] 1 sentenças enfileiradas em 490.74ms
2026-06-10 01:28:32,848 [INFO] [TTS] [W0] seq=2 ok (2.31s) 'Química orgânica avançada?'
2026-06-10 01:28:32,848 [INFO] [TTS] [STREAM] 1 sentenças enfileiradas em 633.18ms
2026-06-10 01:28:33,256 [INFO] [TTS] [PLAY] Fala completa
2026-06-10 01:28:33,299 [INFO] [TTS] [PLAY] seq=1 (67584 samples)
