INFO:     127.0.0.1:53240 - "GET /status HTTP/1.1" 200 OK
INFO:     127.0.0.1:54566 - "POST /stream HTTP/1.1" 200 OK
INFO:     127.0.0.1:54566 - "POST /stream HTTP/1.1" 200 OK
INFO:     127.0.0.1:54566 - "POST /stream HTTP/1.1" 200 OK
INFO:     127.0.0.1:54566 - "POST /stream HTTP/1.1" 200 OK
INFO:     127.0.0.1:54566 - "POST /stream HTTP/1.1" 200 OK
INFO:     127.0.0.1:54566 - "POST /stream HTTP/1.1" 200 OK
INFO:     127.0.0.1:54566 - "POST /stream HTTP/1.1" 200 OK
INFO:     127.0.0.1:54566 - "POST /stream HTTP/1.1" 200 OK
 [INFO] [TTS] TTS API pronta
2026-06-10 01:24:17,490 [INFO] [TTS] [W2] Carregando Supertonic...
INFO:     Application startup complete.
2026-06-10 01:24:17,492 [INFO] [TTS] Loading model from /root/.cache/supertonic3
2026-06-10 01:24:17,492 [INFO] [TTS] Using ONNX providers: ['CPUExecutionProvider']
2026-06-10 01:24:17,491 [INFO] [TTS] Using ONNX providers: ['CPUExecutionProvider']
2026-06-10 01:24:17,492 [INFO] [TTS] ONNX Runtime config: intra_threads=auto, inter_threads=auto
2026-06-10 01:24:17,493 [INFO] [TTS] Loading ONNX models with providers: ['CPUExecutionProvider']
2026-06-10 01:24:17,492 [INFO] [TTS] ONNX Runtime config: intra_threads=auto, inter_threads=auto
2026-06-10 01:24:17,493 [INFO] [TTS] Loading ONNX models with providers: ['CPUExecutionProvider']
2026-06-10 01:24:17,493 [INFO] [TTS] Using ONNX providers: ['CPUExecutionProvider']
2026-06-10 01:24:17,620 [INFO] [TTS] ONNX Runtime config: intra_threads=auto, inter_threads=auto
2026-06-10 01:24:17,789 [INFO] [TTS] Loading ONNX models with providers: ['CPUExecutionProvider']
2026-06-10 01:24:19,123 [INFO] [TTS] Successfully loaded all ONNX models
2026-06-10 01:24:19,989 [INFO] [TTS] Successfully loaded all ONNX models
INFO:     Uvicorn running on http://0.0.0.0:3004 (Press CTRL+C to quit)
2026-06-10 01:24:20,094 [INFO] [TTS] Loaded unicode indexer from /root/.cache/supertonic3/onnx/unicode_indexer.json (65536 entries)
2026-06-10 01:24:20,847 [INFO] [TTS] Successfully loaded all ONNX models
2026-06-10 01:24:20,850 [INFO] [TTS] Loaded unicode indexer from /root/.cache/supertonic3/onnx/unicode_indexer.json (65536 entries)
2026-06-10 01:24:20,853 [INFO] [TTS] Model loaded successfully
2026-06-10 01:24:20,856 [INFO] [TTS] Model loaded successfully
2026-06-10 01:24:20,859 [INFO] [TTS] Loaded unicode indexer from /root/.cache/supertonic3/onnx/unicode_indexer.json (65536 entries)
2026-06-10 01:24:20,859 [INFO] [TTS] Initialized Supertonic engine (sample_rate=44100Hz, latent_dim=24)
2026-06-10 01:24:20,859 [INFO] [TTS] Initialized Supertonic engine (sample_rate=44100Hz, latent_dim=24)
2026-06-10 01:24:20,862 [INFO] [TTS] Model loaded successfully
2026-06-10 01:24:20,862 [INFO] [TTS] Initialized Supertonic engine (sample_rate=44100Hz, latent_dim=24)
2026-06-10 01:24:22,003 [INFO] [TTS] [W2] Pronto (pré-aquecido)
2026-06-10 01:24:22,312 [INFO] [TTS] [W0] Pronto (pré-aquecido)
2026-06-10 01:24:22,333 [INFO] [TTS] [W1] Pronto (pré-aquecido)
2026-06-10 01:25:41,903 [INFO] [TTS] [W2] seq=0 ok (1.87s) 'Beleza, Usuário!'
2026-06-10 01:25:41,906 [INFO] [TTS] [STREAM] 1 sentenças enfileiradas em 519.8ms
2026-06-10 01:25:41,910 [INFO] [TTS] [PLAY] seq=0 (82944 samples)
2026-06-10 01:25:43,154 [INFO] [TTS] [W0] seq=1 ok (3.39s) 'Pode deixar que eu mergulho fundo nesse assunto.'
2026-06-10 01:25:43,154 [INFO] [TTS] [STREAM] 1 sentenças enfileiradas em 814.05ms
2026-06-10 01:25:43,625 [INFO] [TTS] [PLAY] Fala completa
2026-06-10 01:25:43,669 [INFO] [TTS] [PLAY] seq=1 (150528 samples)
2026-06-10 01:25:46,783 [INFO] [TTS] [PLAY] Fala completa
2026-06-10 01:25:47,397 [INFO] [TTS] [W1] seq=2 ok (11.50s) 'Já que a gente confirmou que o scraping local deu '
2026-06-10 01:25:47,398 [INFO] [TTS] [STREAM] 1 sentenças enfileiradas em 2140.07ms
2026-06-10 01:25:47,426 [INFO] [TTS] [PLAY] seq=2 (509952 samples)
2026-06-10 01:25:47,874 [INFO] [TTS] [W2] seq=3 ok (1.28s) 'você.'
2026-06-10 01:25:47,875 [INFO] [TTS] [STREAM] 1 sentenças enfileiradas em 474.74ms
2026-06-10 01:25:49,060 [INFO] [TTS] [W0] seq=4 ok (5.07s) 'Segura essa turbulência de conhecimento: O que é "'
2026-06-10 01:25:49,061 [INFO] [TTS] [STREAM] 1 sentenças enfileiradas em 1171.77ms
2026-06-10 01:25:51,991 [INFO] [TTS] [W1] seq=5 ok (8.80s) 'Basicamente, passamos da fase de "reação A gera pr'
2026-06-10 01:25:51,992 [INFO] [TTS] [STREAM] 1 sentenças enfileiradas em 1623.74ms
2026-06-10 01:25:52,870 [INFO] [TTS] [W2] seq=6 ok (4.03s) 'É onde a teoria encontra a complexidade molecular.'
2026-06-10 01:25:52,871 [INFO] [TTS] [STREAM] 1 sentenças enfileiradas em 874.8ms
2026-06-10 01:25:53,585 [INFO] [TTS] [W0] seq=7 ok (2.55s) 'Tópicos Chave em Foco: 1.'
2026-06-10 01:25:53,585 [INFO] [TTS] [STREAM] 1 sentenças enfileiradas em 710.58ms
