INFO:     127.0.0.1:43066 - "GET /status HTTP/1.1" 200 OK
r application startup.
2026-06-03 00:48:40,939 [INFO] Iniciando AVA TTS API...
2026-06-03 00:48:40,944 [INFO] [W0] Carregando Supertonic...
2026-06-03 00:48:40,944 [INFO] Loading model from /root/.cache/supertonic3
2026-06-03 00:48:40,963 [INFO] [W1] Carregando Supertonic...
2026-06-03 00:48:40,963 [INFO] Using ONNX providers: ['CPUExecutionProvider']
2026-06-03 00:48:40,963 [INFO] [W2] Carregando Supertonic...
2026-06-03 00:48:40,964 [INFO] Loading model from /root/.cache/supertonic3
2026-06-03 00:48:40,963 [INFO] Loading model from /root/.cache/supertonic3
2026-06-03 00:48:40,963 [INFO] TTSPool iniciado com 3 workers
2026-06-03 00:48:40,964 [INFO] ONNX Runtime config: intra_threads=auto, inter_threads=auto
2026-06-03 00:48:40,964 [INFO] TTS API pronta
INFO:     Application startup complete.
2026-06-03 00:48:40,964 [INFO] Loading ONNX models with providers: ['CPUExecutionProvider']
2026-06-03 00:48:40,965 [INFO] Using ONNX providers: ['CPUExecutionProvider']
2026-06-03 00:48:41,011 [INFO] ONNX Runtime config: intra_threads=auto, inter_threads=auto
2026-06-03 00:48:41,011 [INFO] Loading ONNX models with providers: ['CPUExecutionProvider']
2026-06-03 00:48:40,965 [INFO] Using ONNX providers: ['CPUExecutionProvider']
2026-06-03 00:48:41,040 [INFO] ONNX Runtime config: intra_threads=auto, inter_threads=auto
2026-06-03 00:48:41,040 [INFO] Loading ONNX models with providers: ['CPUExecutionProvider']
2026-06-03 00:49:06,368 [INFO] Successfully loaded all ONNX models
2026-06-03 00:49:06,388 [INFO] Successfully loaded all ONNX models
2026-06-03 00:49:07,241 [INFO] Successfully loaded all ONNX models
2026-06-03 00:49:07,477 [INFO] Loaded unicode indexer from /root/.cache/supertonic3/onnx/unicode_indexer.json (65536 entries)
INFO:     Uvicorn running on http://0.0.0.0:3004 (Press CTRL+C to quit)
2026-06-03 00:49:07,478 [INFO] Loaded unicode indexer from /root/.cache/supertonic3/onnx/unicode_indexer.json (65536 entries)
2026-06-03 00:49:07,504 [INFO] Loaded unicode indexer from /root/.cache/supertonic3/onnx/unicode_indexer.json (65536 entries)
2026-06-03 00:49:07,521 [INFO] Model loaded successfully
2026-06-03 00:49:07,524 [INFO] Model loaded successfully
2026-06-03 00:49:07,614 [INFO] Model loaded successfully
2026-06-03 00:49:07,616 [INFO] Initialized Supertonic engine (sample_rate=44100Hz, latent_dim=24)
2026-06-03 00:49:07,616 [INFO] Initialized Supertonic engine (sample_rate=44100Hz, latent_dim=24)
2026-06-03 00:49:07,617 [INFO] Initialized Supertonic engine (sample_rate=44100Hz, latent_dim=24)
2026-06-03 00:49:11,740 [INFO] [W1] Pronto (pré-aquecido)
2026-06-03 00:49:12,634 [INFO] [W0] Pronto (pré-aquecido)
2026-06-03 00:49:12,956 [INFO] [W2] Pronto (pré-aquecido)
