INFO:     Started server process [367]
INFO:     Waiting for application startup.
2026-06-10 00:25:59,522 [INFO] [TTS] Iniciando AVA TTS API...
2026-06-10 00:25:59,523 [INFO] [TTS] [W0] Carregando Supertonic...
2026-06-10 00:25:59,525 [INFO] [TTS] [W1] Carregando Supertonic...
2026-06-10 00:25:59,525 [INFO] [TTS] Loading model from /root/.cache/supertonic3
2026-06-10 00:25:59,525 [INFO] [TTS] [W2] Carregando Supertonic...
2026-06-10 00:25:59,525 [INFO] [TTS] Loading model from /root/.cache/supertonic3
2026-06-10 00:25:59,525 [INFO] [TTS] TTSPool iniciado com 3 workers
2026-06-10 00:25:59,526 [INFO] [TTS] Loading model from /root/.cache/supertonic3
2026-06-10 00:25:59,526 [INFO] [TTS] TTS API pronta
INFO:     Application startup complete.
2026-06-10 00:25:59,526 [INFO] [TTS] Using ONNX providers: ['CPUExecutionProvider']
2026-06-10 00:25:59,527 [INFO] [TTS] Using ONNX providers: ['CPUExecutionProvider']
2026-06-10 00:25:59,527 [INFO] [TTS] ONNX Runtime config: intra_threads=auto, inter_threads=auto
2026-06-10 00:25:59,527 [INFO] [TTS] ONNX Runtime config: intra_threads=auto, inter_threads=auto
2026-06-10 00:25:59,527 [INFO] [TTS] Loading ONNX models with providers: ['CPUExecutionProvider']
2026-06-10 00:25:59,527 [INFO] [TTS] Using ONNX providers: ['CPUExecutionProvider']
2026-06-10 00:25:59,527 [INFO] [TTS] Loading ONNX models with providers: ['CPUExecutionProvider']
2026-06-10 00:25:59,545 [INFO] [TTS] ONNX Runtime config: intra_threads=auto, inter_threads=auto
2026-06-10 00:25:59,799 [INFO] [TTS] Loading ONNX models with providers: ['CPUExecutionProvider']
2026-06-10 00:26:00,869 [INFO] [TTS] Successfully loaded all ONNX models
ERROR:    [Errno 98] error while attempting to bind on address ('0.0.0.0', 3004): address already in use
INFO:     Waiting for application shutdown.
2026-06-10 00:26:00,964 [INFO] [TTS] Successfully loaded all ONNX models
2026-06-10 00:26:01,056 [INFO] [TTS] Loaded unicode indexer from /root/.cache/supertonic3/onnx/unicode_indexer.json (65536 entries)
2026-06-10 00:26:01,440 [INFO] [TTS] AVA TTS API encerrada
INFO:     Application shutdown complete.
2026-06-10 00:26:01,506 [INFO] [TTS] Successfully loaded all ONNX models
2026-06-10 00:26:01,509 [INFO] [TTS] Loaded unicode indexer from /root/.cache/supertonic3/onnx/unicode_indexer.json (65536 entries)
2026-06-10 00:26:01,511 [INFO] [TTS] Model loaded successfully
2026-06-10 00:26:01,514 [INFO] [TTS] Model loaded successfully
2026-06-10 00:26:01,515 [INFO] [TTS] Initialized Supertonic engine (sample_rate=44100Hz, latent_dim=24)
2026-06-10 00:26:01,515 [INFO] [TTS] Initialized Supertonic engine (sample_rate=44100Hz, latent_dim=24)
2026-06-10 00:26:01,517 [INFO] [TTS] Loaded unicode indexer from /root/.cache/supertonic3/onnx/unicode_indexer.json (65536 entries)
2026-06-10 00:26:01,520 [INFO] [TTS] Model loaded successfully
2026-06-10 00:26:01,521 [INFO] [TTS] Initialized Supertonic engine (sample_rate=44100Hz, latent_dim=24)
