INFO:     127.0.0.1:52428 - "GET /status HTTP/1.1" 200 OK
INFO:     127.0.0.1:53194 - "POST /stream HTTP/1.1" 200 OK
INFO:     127.0.0.1:53194 - "POST /stream HTTP/1.1" 200 OK
TS] [W0] Carregando Supertonic...
2026-06-10 00:43:12,043 [INFO] [TTS] Loading model from /root/.cache/supertonic3
2026-06-10 00:43:12,043 [INFO] [TTS] Using ONNX providers: ['CPUExecutionProvider']
2026-06-10 00:43:12,043 [INFO] [TTS] ONNX Runtime config: intra_threads=auto, inter_threads=auto
2026-06-10 00:43:12,043 [INFO] [TTS] Loading ONNX models with providers: ['CPUExecutionProvider']
2026-06-10 00:43:12,106 [INFO] [TTS] [W1] Carregando Supertonic...
2026-06-10 00:43:12,194 [INFO] [TTS] [W2] Carregando Supertonic...
2026-06-10 00:43:12,194 [INFO] [TTS] Loading model from /root/.cache/supertonic3
2026-06-10 00:43:12,276 [INFO] [TTS] TTSPool iniciado com 3 workers
2026-06-10 00:43:12,416 [INFO] [TTS] Loading model from /root/.cache/supertonic3
2026-06-10 00:43:12,924 [INFO] [TTS] TTS API pronta
INFO:     Application startup complete.
2026-06-10 00:43:13,073 [INFO] [TTS] Successfully loaded all ONNX models
2026-06-10 00:43:13,073 [INFO] [TTS] Using ONNX providers: ['CPUExecutionProvider']
2026-06-10 00:43:13,074 [INFO] [TTS] Using ONNX providers: ['CPUExecutionProvider']
2026-06-10 00:43:13,074 [INFO] [TTS] ONNX Runtime config: intra_threads=auto, inter_threads=auto
2026-06-10 00:43:13,074 [INFO] [TTS] ONNX Runtime config: intra_threads=auto, inter_threads=auto
2026-06-10 00:43:13,074 [INFO] [TTS] Loading ONNX models with providers: ['CPUExecutionProvider']
2026-06-10 00:43:13,074 [INFO] [TTS] Loading ONNX models with providers: ['CPUExecutionProvider']
2026-06-10 00:43:13,078 [INFO] [TTS] Loaded unicode indexer from /root/.cache/supertonic3/onnx/unicode_indexer.json (65536 entries)
INFO:     Uvicorn running on http://0.0.0.0:3004 (Press CTRL+C to quit)
2026-06-10 00:43:13,373 [INFO] [TTS] Model loaded successfully
2026-06-10 00:43:13,799 [INFO] [TTS] Initialized Supertonic engine (sample_rate=44100Hz, latent_dim=24)
2026-06-10 00:43:14,798 [INFO] [TTS] Successfully loaded all ONNX models
2026-06-10 00:43:14,798 [INFO] [TTS] Successfully loaded all ONNX models
2026-06-10 00:43:14,801 [INFO] [TTS] Loaded unicode indexer from /root/.cache/supertonic3/onnx/unicode_indexer.json (65536 entries)
2026-06-10 00:43:14,809 [INFO] [TTS] Loaded unicode indexer from /root/.cache/supertonic3/onnx/unicode_indexer.json (65536 entries)
2026-06-10 00:43:14,818 [INFO] [TTS] Model loaded successfully
2026-06-10 00:43:14,819 [INFO] [TTS] Initialized Supertonic engine (sample_rate=44100Hz, latent_dim=24)
2026-06-10 00:43:14,818 [INFO] [TTS] Model loaded successfully
2026-06-10 00:43:14,825 [INFO] [TTS] Initialized Supertonic engine (sample_rate=44100Hz, latent_dim=24)
2026-06-10 00:43:15,713 [INFO] [TTS] [W1] Pronto (pré-aquecido)
2026-06-10 00:43:16,009 [INFO] [TTS] [W2] Pronto (pré-aquecido)
2026-06-10 00:43:16,031 [INFO] [TTS] [W0] Pronto (pré-aquecido)
2026-06-10 00:45:06,181 [INFO] [TTS] [W1] seq=0 ok (1.86s) 'E aí, Usuário!'
2026-06-10 00:45:06,184 [INFO] [TTS] [STREAM] 1 sentenças enfileiradas em 651.09ms
2026-06-10 00:45:06,222 [INFO] [TTS] [PLAY] seq=0 (82944 samples)
2026-06-10 00:45:07,842 [INFO] [TTS] [W2] seq=1 ok (3.32s) 'Olha só, o resumo é que deu sucesso total.'
2026-06-10 00:45:07,843 [INFO] [TTS] [STREAM] 1 sentenças enfileiradas em 796.86ms
