INFO:     127.0.0.1:53196 - "GET /status HTTP/1.1" 200 OK
INFO:     127.0.0.1:56566 - "POST /speak HTTP/1.1" 200 OK
INFO:     127.0.0.1:47826 - "POST /stream HTTP/1.1" 200 OK
INFO:     127.0.0.1:47826 - "POST /stream HTTP/1.1" 200 OK
INFO:     127.0.0.1:47826 - "POST /stream HTTP/1.1" 200 OK
INFO:     127.0.0.1:47826 - "POST /stream HTTP/1.1" 200 OK
INFO:     127.0.0.1:47826 - "POST /stream HTTP/1.1" 200 OK
INFO:     127.0.0.1:47826 - "POST /stream HTTP/1.1" 200 OK
INFO:     127.0.0.1:47826 - "POST /stream HTTP/1.1" 200 OK
INFO:     127.0.0.1:47826 - "POST /stream HTTP/1.1" 200 OK
INFO:     127.0.0.1:47826 - "POST /stream HTTP/1.1" 200 OK
INFO:     127.0.0.1:47826 - "POST /stream HTTP/1.1" 200 OK
INFO:     127.0.0.1:47826 - "POST /stream HTTP/1.1" 200 OK
INFO:     127.0.0.1:47826 - "POST /stream HTTP/1.1" 200 OK
['CPUExecutionProvider']
2026-06-03 00:51:21,816 [INFO] ONNX Runtime config: intra_threads=auto, inter_threads=auto
INFO:     Uvicorn running on http://0.0.0.0:3004 (Press CTRL+C to quit)
2026-06-03 00:51:21,816 [INFO] Using ONNX providers: ['CPUExecutionProvider']
2026-06-03 00:51:21,818 [INFO] ONNX Runtime config: intra_threads=auto, inter_threads=auto
2026-06-03 00:51:21,818 [INFO] Loading ONNX models with providers: ['CPUExecutionProvider']
2026-06-03 00:51:21,818 [INFO] ONNX Runtime config: intra_threads=auto, inter_threads=auto
2026-06-03 00:51:21,818 [INFO] Loading ONNX models with providers: ['CPUExecutionProvider']
2026-06-03 00:51:21,850 [INFO] Loading ONNX models with providers: ['CPUExecutionProvider']
2026-06-03 00:51:24,638 [INFO] Successfully loaded all ONNX models
2026-06-03 00:51:25,183 [INFO] Successfully loaded all ONNX models
2026-06-03 00:51:25,257 [INFO] Loaded unicode indexer from /root/.cache/supertonic3/onnx/unicode_indexer.json (65536 entries)
2026-06-03 00:51:25,257 [INFO] Successfully loaded all ONNX models
2026-06-03 00:51:25,259 [INFO] Model loaded successfully
2026-06-03 00:51:25,263 [INFO] Loaded unicode indexer from /root/.cache/supertonic3/onnx/unicode_indexer.json (65536 entries)
2026-06-03 00:51:25,263 [INFO] Initialized Supertonic engine (sample_rate=44100Hz, latent_dim=24)
2026-06-03 00:51:25,265 [INFO] Model loaded successfully
2026-06-03 00:51:25,268 [INFO] Loaded unicode indexer from /root/.cache/supertonic3/onnx/unicode_indexer.json (65536 entries)
2026-06-03 00:51:25,268 [INFO] Initialized Supertonic engine (sample_rate=44100Hz, latent_dim=24)
2026-06-03 00:51:25,271 [INFO] Model loaded successfully
2026-06-03 00:51:25,271 [INFO] Initialized Supertonic engine (sample_rate=44100Hz, latent_dim=24)
2026-06-03 00:51:26,984 [INFO] [W2] Pronto (pré-aquecido)
2026-06-03 00:51:27,102 [INFO] [W1] Pronto (pré-aquecido)
2026-06-03 00:51:27,115 [INFO] [W0] Pronto (pré-aquecido)
2026-06-03 00:53:50,422 [INFO] [W2] seq=0 ok (1.31s) 'Erros:'
2026-06-03 00:53:50,425 [INFO] [SPEAK] 1 chunk(s) enfileirados em 660.2ms
2026-06-03 00:53:50,444 [INFO] [PLAY] seq=0 (58368 samples)
2026-06-03 00:53:51,636 [INFO] [PLAY] Fala completa
2026-06-03 01:00:16,079 [INFO] [W1] seq=1 ok (4.40s) 'O usuário perguntou o que é astrofísica termonucle'
2026-06-03 01:00:16,081 [INFO] [STREAM] 1 sentenças enfileiradas em 909.87ms
2026-06-03 01:00:16,105 [INFO] [PLAY] seq=1 (196608 samples)
2026-06-03 01:00:17,609 [INFO] [W1] seq=4 ok (1.85s) 'amigável e clara.'
2026-06-03 01:00:18,197 [INFO] [W2] seq=3 ok (1.39s) 'prática,'
2026-06-03 01:00:18,771 [INFO] [W0] seq=2 ok (6.49s) 'Preciso usar a informação fornecida anteriormente '
2026-06-03 01:00:18,772 [INFO] [STREAM] 3 sentenças enfileiradas em 2418.18ms
2026-06-03 01:00:20,184 [INFO] [PLAY] Fala completa
2026-06-03 01:00:20,230 [INFO] [PLAY] seq=2 (288768 samples)
2026-06-03 01:00:20,748 [INFO] [W1] seq=5 ok (3.16s) 'Análise das informações relevantes:'
2026-06-03 01:00:21,697 [INFO] [W0] seq=7 ok (2.80s) '"o ramo da astrofísica moderna,'
2026-06-03 01:00:21,969 [INFO] [W1] seq=8 ok (1.33s) 'com foco'
2026-06-03 01:00:22,147 [INFO] [W2] seq=6 ok (5.87s) 'A resposta anterior (contexto) definiu Astrofísica'
2026-06-03 01:00:22,148 [INFO] [STREAM] 4 sentenças enfileiradas em 3373.18ms
2026-06-03 01:00:23,357 [INFO] [W1] seq=10 ok (2.13s) 'a teoria da radiação,'
2026-06-03 01:00:24,865 [INFO] [W2] seq=11 ok (5.55s) 'as equações da estrutura estelar e a modelagem est'
2026-06-03 01:00:24,999 [INFO] [W0] seq=9 ok (2.42s) 'em três áreas principais:'
2026-06-03 01:00:25,171 [INFO] [W1] seq=12 ok (2.62s) 'Interação entre luz e matéria'
2026-06-03 01:00:25,171 [INFO] [STREAM] 4 sentenças enfileiradas em 3020.6ms
2026-06-03 01:00:26,303 [INFO] [W0] seq=13 ok (1.65s) '(Lei de Planck,'
2026-06-03 01:00:26,313 [INFO] [PLAY] seq=3 (61440 samples)
2026-06-03 01:00:26,640 [INFO] [W2] seq=14 ok (1.43s) 'fotometria,'
2026-06-03 01:00:26,714 [INFO] [W1] seq=15 ok (1.78s) 'espectroscopia).'
2026-06-03 01:00:26,714 [INFO] [STREAM] 3 sentenças enfileiradas em 1540.16ms
2026-06-03 01:00:27,598 [INFO] [PLAY] seq=4 (82944 samples)
2026-06-03 01:00:28,215 [INFO] [W1] seq=18 ok (1.98s) 'transporte de energia).'
2026-06-03 01:00:28,436 [INFO] [W0] seq=16 ok (1.36s) 'Parte 2:'
2026-06-03 01:00:29,018 [INFO] [W2] seq=17 ok (5.91s) 'Equações fundamentais que governam a estrutura est'
2026-06-03 01:00:29,019 [INFO] [STREAM] 3 sentenças enfileiradas em 2301.47ms
2026-06-03 01:00:29,326 [INFO] [PLAY] Fala completa
2026-06-03 01:00:29,358 [INFO] [PLAY] seq=5 (141312 samples)
2026-06-03 01:00:30,673 [INFO] [W1] seq=19 ok (1.37s) 'Parte 3:'
2026-06-03 01:00:30,913 [INFO] [W2] seq=21 ok (2.18s) 'teorias beyond-Horndeski).'
2026-06-03 01:00:31,063 [INFO] [W0] seq=20 ok (3.48s) 'Modelagem estelar (Equação de Lane-Emden,'
2026-06-03 01:00:31,063 [INFO] [STREAM] 3 sentenças enfileiradas em 2041.48ms
2026-06-03 01:00:32,281 [INFO] [PLAY] seq=6 (261120 samples)
2026-06-03 01:00:32,370 [INFO] [W2] seq=23 ok (1.30s) 'Direto,'
2026-06-03 01:00:32,502 [INFO] [W0] seq=22 ok (1.34s) 'Estilo:'
2026-06-03 01:00:32,794 [INFO] [W1] seq=24 ok (1.37s) 'prático,'
2026-06-03 01:00:33,442 [INFO] [W0] seq=26 ok (1.54s) 'com humor leve.'
2026-06-03 01:00:33,537 [INFO] [W2] seq=25 ok (1.41s) 'amigável,'
2026-06-03 01:00:33,538 [INFO] [STREAM] 5 sentenças enfileiradas em 2471.0ms
2026-06-03 01:00:34,531 [INFO] [W1] seq=27 ok (2.12s) 'Rascunho da resposta:'
2026-06-03 01:00:34,659 [INFO] [W0] seq=28 ok (2.30s) 'Começar com um cumprimento.'
2026-06-03 01:00:34,661 [INFO] [STREAM] 2 sentenças enfileiradas em 1117.73ms
2026-06-03 01:00:35,212 [INFO] [W2] seq=29 ok (2.10s) 'Definir de forma simples.'
2026-06-03 01:00:35,212 [INFO] [STREAM] 1 sentenças enfileiradas em 547.54ms
2026-06-03 01:00:36,346 [INFO] [W0] seq=31 ok (2.24s) 'estrutura das estrelas).'
2026-06-03 01:00:36,644 [INFO] [W1] seq=30 ok (3.75s) 'Detalhar os pontos principais (luz/matéria,'
2026-06-03 01:00:36,644 [INFO] [STREAM] 2 sentenças enfileiradas em 1428.55ms
2026-06-03 01:00:37,212 [INFO] [W2] seq=32 ok (2.17s) 'Finalizar de forma leve.'
2026-06-03 01:00:37,212 [INFO] [STREAM] 1 sentenças enfileiradas em 564.7ms
2026-06-03 01:00:37,732 [INFO] [PLAY] seq=7 (125952 samples)
2026-06-03 01:00:40,377 [INFO] [PLAY] seq=8 (61440 samples)
2026-06-03 01:00:41,657 [INFO] [PLAY] seq=9 (107520 samples)
2026-06-03 01:00:43,897 [INFO] [PLAY] seq=10 (95232 samples)
2026-06-03 01:00:45,849 [INFO] [PLAY] seq=11 (245760 samples)
2026-06-03 01:00:50,969 [INFO] [PLAY] seq=12 (116736 samples)
