INFO:     127.0.0.1:35318 - "GET /status HTTP/1.1" 200 OK
INFO:     127.0.0.1:55338 - "POST /stream HTTP/1.1" 200 OK
INFO:     127.0.0.1:55338 - "POST /stream HTTP/1.1" 200 OK
INFO:     127.0.0.1:55338 - "POST /stream HTTP/1.1" 200 OK
INFO:     127.0.0.1:55338 - "POST /stream HTTP/1.1" 200 OK
INFO:     127.0.0.1:55338 - "POST /stream HTTP/1.1" 200 OK
INFO:     127.0.0.1:55338 - "POST /stream HTTP/1.1" 200 OK
INFO:     127.0.0.1:55338 - "POST /stream HTTP/1.1" 200 OK
INFO:     127.0.0.1:55338 - "POST /stream HTTP/1.1" 200 OK
INFO:     127.0.0.1:55338 - "POST /stream HTTP/1.1" 200 OK
INFO:     127.0.0.1:55338 - "POST /stream HTTP/1.1" 200 OK
INFO:     127.0.0.1:55338 - "POST /stream HTTP/1.1" 200 OK
INFO:     127.0.0.1:55338 - "POST /stream HTTP/1.1" 200 OK
INFO:     127.0.0.1:55338 - "POST /stream HTTP/1.1" 200 OK
INFO:     127.0.0.1:55338 - "POST /stream HTTP/1.1" 200 OK
INFO:     127.0.0.1:55338 - "POST /stream HTTP/1.1" 200 OK
INFO:     127.0.0.1:34554 - "POST /stream HTTP/1.1" 200 OK
 startup complete.
2026-06-03 01:06:24,832 [INFO] Using ONNX providers: ['CPUExecutionProvider']
2026-06-03 01:06:24,843 [INFO] ONNX Runtime config: intra_threads=auto, inter_threads=auto
2026-06-03 01:06:24,844 [INFO] Loading ONNX models with providers: ['CPUExecutionProvider']
2026-06-03 01:06:24,849 [INFO] Loaded unicode indexer from /root/.cache/supertonic3/onnx/unicode_indexer.json (65536 entries)
2026-06-03 01:06:24,850 [INFO] Using ONNX providers: ['CPUExecutionProvider']
2026-06-03 01:06:24,998 [INFO] Model loaded successfully
2026-06-03 01:06:25,839 [INFO] ONNX Runtime config: intra_threads=auto, inter_threads=auto
2026-06-03 01:06:25,970 [INFO] Initialized Supertonic engine (sample_rate=44100Hz, latent_dim=24)
2026-06-03 01:06:25,970 [INFO] Successfully loaded all ONNX models
INFO:     Uvicorn running on http://0.0.0.0:3004 (Press CTRL+C to quit)
2026-06-03 01:06:25,970 [INFO] Loading ONNX models with providers: ['CPUExecutionProvider']
2026-06-03 01:06:26,050 [INFO] Loaded unicode indexer from /root/.cache/supertonic3/onnx/unicode_indexer.json (65536 entries)
2026-06-03 01:06:26,069 [INFO] Model loaded successfully
2026-06-03 01:06:26,069 [INFO] Initialized Supertonic engine (sample_rate=44100Hz, latent_dim=24)
2026-06-03 01:06:27,024 [INFO] Successfully loaded all ONNX models
2026-06-03 01:06:27,027 [INFO] Loaded unicode indexer from /root/.cache/supertonic3/onnx/unicode_indexer.json (65536 entries)
2026-06-03 01:06:27,034 [INFO] Model loaded successfully
2026-06-03 01:06:27,038 [INFO] Initialized Supertonic engine (sample_rate=44100Hz, latent_dim=24)
2026-06-03 01:06:28,306 [INFO] [W2] Pronto (pré-aquecido)
2026-06-03 01:06:28,366 [INFO] [W1] Pronto (pré-aquecido)
2026-06-03 01:06:28,429 [INFO] [W0] Pronto (pré-aquecido)
2026-06-03 01:07:20,169 [INFO] [W1] seq=1 ok (1.27s) '1.'
2026-06-03 01:07:20,192 [WARNING] [PLAY] seq=0 atrasado 58604ms — pula para seq=1
2026-06-03 01:07:20,221 [INFO] [W2] seq=0 ok (1.83s) 'Análise do Pedido:'
2026-06-03 01:07:20,222 [INFO] [STREAM] 2 sentenças enfileiradas em 1088.19ms
2026-06-03 01:07:20,225 [INFO] [PLAY] seq=1 (58368 samples)
2026-06-03 01:07:21,429 [INFO] [PLAY] Fala completa
2026-06-03 01:07:21,805 [INFO] [W1] seq=2 ok (1.39s) 'Usuário:'
2026-06-03 01:07:21,824 [INFO] [PLAY] seq=2 (61440 samples)
2026-06-03 01:07:22,190 [INFO] [W0] seq=3 ok (3.53s) 'Pergunta "o que é astrofisica termonuclear?".'
2026-06-03 01:07:22,191 [INFO] [STREAM] 2 sentenças enfileiradas em 1181.28ms
2026-06-03 01:07:23,104 [INFO] [PLAY] seq=3 (156672 samples)
2026-06-03 01:07:25,360 [INFO] [W2] seq=4 ok (1.34s) 'Contexto:'
2026-06-03 01:07:26,347 [INFO] [PLAY] Fala completa
2026-06-03 01:07:26,389 [INFO] [PLAY] seq=4 (61440 samples)
2026-06-03 01:07:26,541 [INFO] [W0] seq=6 ok (4.43s) 'além de textos acadêmicos e curiosidades relaciona'
2026-06-03 01:07:26,917 [INFO] [W1] seq=5 ok (7.17s) 'Há um histórico de conversas anteriores com defini'
2026-06-03 01:07:26,917 [INFO] [STREAM] 3 sentenças enfileiradas em 2748.01ms
2026-06-03 01:07:27,670 [INFO] [PLAY] seq=5 (316416 samples)
2026-06-03 01:07:28,132 [INFO] [W1] seq=8 ok (1.70s) 'fusão nuclear,'
2026-06-03 01:07:28,233 [INFO] [W2] seq=7 ok (1.42s) '(estrelas,'
2026-06-03 01:07:28,440 [INFO] [W0] seq=9 ok (1.29s) 'etc.).'
2026-06-03 01:07:28,441 [INFO] [STREAM] 3 sentenças enfileiradas em 1520.36ms
2026-06-03 01:07:30,790 [INFO] [W2] seq=11 ok (1.30s) 'Direto,'
2026-06-03 01:07:31,828 [INFO] [W1] seq=10 ok (2.46s) 'Tom/Personalidade (Alpha):'
2026-06-03 01:07:32,153 [INFO] [W0] seq=12 ok (1.37s) 'prático,'
2026-06-03 01:07:32,172 [INFO] [W2] seq=13 ok (1.94s) 'amigável/informal,'
2026-06-03 01:07:33,154 [INFO] [W1] seq=14 ok (2.50s) 'claro em tópicos técnicos,'
2026-06-03 01:07:33,300 [INFO] [W0] seq=15 ok (2.31s) 'com humor sutil/ironia leve.'
2026-06-03 01:07:33,302 [INFO] [STREAM] 6 sentenças enfileiradas em 3675.18ms
2026-06-03 01:07:34,092 [INFO] [W2] seq=16 ok (1.55s) 'Restrições:'
2026-06-03 01:07:34,229 [INFO] [PLAY] seq=6 (196608 samples)
2026-06-03 01:07:34,834 [INFO] [W1] seq=17 ok (5.50s) 'Não mencionar como foi construído ou tecnologias ('
2026-06-03 01:07:34,834 [INFO] [STREAM] 2 sentenças enfileiradas em 1527.71ms
2026-06-03 01:07:35,679 [INFO] [W0] seq=18 ok (3.43s) 'Responder no idioma do usuário (Português).'
2026-06-03 01:07:35,679 [INFO] [STREAM] 1 sentenças enfileiradas em 842.69ms
2026-06-03 01:07:36,464 [INFO] [W1] seq=20 ok (1.27s) '1.'
2026-06-03 01:07:36,661 [INFO] [W2] seq=19 ok (2.27s) 'Estratégia de Resposta:'
2026-06-03 01:07:36,662 [INFO] [STREAM] 2 sentenças enfileiradas em 979.09ms
2026-06-03 01:07:37,728 [INFO] [W0] seq=21 ok (5.10s) 'Começar com um tom informal e engajador (caracterí'
2026-06-03 01:07:37,729 [INFO] [STREAM] 1 sentenças enfileiradas em 1064.45ms
2026-06-03 01:07:38,346 [INFO] [PLAY] Fala completa
2026-06-03 01:07:38,389 [INFO] [PLAY] seq=7 (64512 samples)
2026-06-03 01:07:39,712 [INFO] [PLAY] seq=8 (76800 samples)
2026-06-03 01:07:39,864 [INFO] [W2] seq=23 ok (2.71s) 'usando a informação do contexto.'
2026-06-03 01:07:40,251 [INFO] [W1] seq=22 ok (4.65s) 'Definir o conceito principal de forma clara e aces'
2026-06-03 01:07:40,251 [INFO] [STREAM] 2 sentenças enfileiradas em 1499.23ms
2026-06-03 01:07:41,312 [INFO] [PLAY] seq=9 (58368 samples)
2026-06-03 01:07:42,549 [INFO] [PLAY] Fala completa
2026-06-03 01:07:42,592 [INFO] [PLAY] seq=10 (110592 samples)
2026-06-03 01:07:44,864 [INFO] [PLAY] seq=11 (58368 samples)
2026-06-03 01:07:45,063 [INFO] [W2] seq=26 ok (3.09s) 'mas sem ser um texto acadêmico denso.'
2026-06-03 01:07:45,430 [INFO] [W1] seq=25 ok (2.54s) 'mantendo a clareza técnica,'
2026-06-03 01:07:45,746 [INFO] [W0] seq=24 ok (5.83s) 'Expandir a explicação para mostrar o escopo (o "po'
2026-06-03 01:07:45,746 [INFO] [STREAM] 3 sentenças enfileiradas em 3141.48ms
2026-06-03 01:07:46,112 [INFO] [PLAY] seq=12 (61440 samples)
2026-06-03 01:07:47,392 [INFO] [PLAY] seq=13 (86016 samples)
2026-06-03 01:07:48,962 [INFO] [W1] seq=28 ok (1.36s) 'Informal:'
2026-06-03 01:07:49,152 [INFO] [PLAY] seq=14 (110592 samples)
2026-06-03 01:07:49,517 [INFO] [W0] seq=29 ok (1.33s) '"E aí,'
2026-06-03 01:07:50,407 [INFO] [W2] seq=27 ok (3.23s) 'Rascunho da Resposta (Mental Check):'
2026-06-03 01:07:50,778 [INFO] [W1] seq=30 ok (2.17s) 'Usuário!" Direto:'
2026-06-03 01:07:51,262 [INFO] [W0] seq=31 ok (1.43s) 'Definição:'
2026-06-03 01:07:51,467 [INFO] [PLAY] seq=15 (104448 samples)
2026-06-03 01:07:51,668 [INFO] [W2] seq=32 ok (3.41s) 'Estudo das reações nucleares em estrelas.'
2026-06-03 01:07:51,669 [INFO] [STREAM] 6 sentenças enfileiradas em 4042.04ms
2026-06-03 01:07:53,072 [INFO] [W1] seq=33 ok (7.49s) 'Técnico/Clareza:* Focar na fusão nuclear como moto'
2026-06-03 01:07:53,072 [INFO] [STREAM] 1 sentenças enfileiradas em 1400.8ms
2026-06-03 01:07:53,632 [INFO] [PLAY] Fala completa
2026-06-03 01:07:53,664 [INFO] [PLAY] seq=16 (70656 samples)
2026-06-03 01:07:53,809 [INFO] [W0] seq=34 ok (2.86s) 'Humor/Tom:* Adicionar um toque leve.'
2026-06-03 01:07:53,809 [INFO] [STREAM] 1 sentenças enfileiradas em 733.94ms
2026-06-03 01:07:55,104 [INFO] [PLAY] seq=17 (242688 samples)
2026-06-03 01:07:57,799 [INFO] [W2] seq=35 ok (1.48s) 'Refinamento:'
2026-06-03 01:07:58,189 [INFO] [W0] seq=36 ok (2.65s) 'A resposta deve ser completa,'
2026-06-03 01:07:58,882 [INFO] [W1] seq=37 ok (6.60s) 'cobrindo o aspecto "Termonuclear" (energia/calor) '
2026-06-03 01:07:58,883 [INFO] [STREAM] 3 sentenças enfileiradas em 2573.1ms
2026-06-03 01:08:00,192 [INFO] [PLAY] Fala completa
2026-06-03 01:08:00,224 [INFO] [PLAY] seq=18 (153600 samples)
2026-06-03 01:08:03,424 [INFO] [PLAY] seq=19 (101376 samples)
2026-06-03 01:08:05,504 [INFO] [PLAY] seq=20 (58368 samples)
2026-06-03 01:08:06,752 [INFO] [PLAY] Fala completa
2026-06-03 01:08:06,784 [INFO] [PLAY] seq=21 (227328 samples)
2026-06-03 01:08:11,509 [INFO] [PLAY] Fala completa
2026-06-03 01:08:11,552 [INFO] [PLAY] seq=22 (205824 samples)
2026-06-03 01:08:15,830 [INFO] [PLAY] seq=23 (119808 samples)
2026-06-03 01:08:18,304 [INFO] [PLAY] Fala completa
2026-06-03 01:08:18,347 [INFO] [PLAY] seq=24 (258048 samples)
2026-06-03 01:08:23,712 [INFO] [PLAY] seq=25 (113664 samples)
2026-06-03 01:08:26,070 [INFO] [PLAY] seq=26 (138240 samples)
2026-06-03 01:08:28,950 [INFO] [PLAY] seq=27 (144384 samples)
2026-06-03 01:08:31,947 [INFO] [PLAY] seq=28 (61440 samples)
2026-06-03 01:08:33,227 [INFO] [PLAY] seq=29 (61440 samples)
2026-06-03 01:08:33,830 [INFO] [W0] seq=39 ok (2.96s) 'a definição precisa ser robusta.)'
2026-06-03 01:08:33,843 [INFO] [W2] seq=38 ok (3.12s) '(Baseado nos exemplos de contexto,'
2026-06-03 01:08:33,844 [INFO] [STREAM] 2 sentenças enfileiradas em 1319.29ms
2026-06-03 01:08:34,507 [INFO] [PLAY] seq=30 (98304 samples)
2026-06-03 01:08:36,587 [INFO] [PLAY] seq=31 (64512 samples)
2026-06-03 01:08:37,910 [INFO] [PLAY] seq=32 (150528 samples)
