INFO:     127.0.0.1:34570 - "GET /status HTTP/1.1" 200 OK
INFO:     127.0.0.1:39078 - "POST /stream HTTP/1.1" 200 OK
INFO:     127.0.0.1:39078 - "POST /stream HTTP/1.1" 200 OK
INFO:     127.0.0.1:39078 - "POST /stream HTTP/1.1" 200 OK
INFO:     127.0.0.1:39078 - "POST /stream HTTP/1.1" 200 OK
INFO:     127.0.0.1:39078 - "POST /stream HTTP/1.1" 200 OK
INFO:     127.0.0.1:39078 - "POST /stream HTTP/1.1" 200 OK
INFO:     127.0.0.1:39078 - "POST /stream HTTP/1.1" 200 OK
INFO:     127.0.0.1:39078 - "POST /stream HTTP/1.1" 200 OK
INFO:     127.0.0.1:39078 - "POST /stream HTTP/1.1" 200 OK
INFO:     127.0.0.1:39078 - "POST /stream HTTP/1.1" 200 OK
INFO:     127.0.0.1:39078 - "POST /stream HTTP/1.1" 200 OK
INFO:     127.0.0.1:39078 - "POST /stream HTTP/1.1" 200 OK
INFO:     127.0.0.1:39078 - "POST /stream HTTP/1.1" 200 OK
INFO:     127.0.0.1:39078 - "POST /stream HTTP/1.1" 200 OK
INFO:     127.0.0.1:39078 - "POST /stream HTTP/1.1" 200 OK
ng ONNX providers: ['CPUExecutionProvider']
2026-06-09 23:59:10,077 [INFO] [TTS] ONNX Runtime config: intra_threads=auto, inter_threads=auto
2026-06-09 23:59:10,078 [INFO] [TTS] Loading ONNX models with providers: ['CPUExecutionProvider']
2026-06-09 23:59:10,077 [INFO] [TTS] Using ONNX providers: ['CPUExecutionProvider']
2026-06-09 23:59:10,077 [INFO] [TTS] ONNX Runtime config: intra_threads=auto, inter_threads=auto
2026-06-09 23:59:10,192 [INFO] [TTS] ONNX Runtime config: intra_threads=auto, inter_threads=auto
2026-06-09 23:59:10,842 [INFO] [TTS] Loading ONNX models with providers: ['CPUExecutionProvider']
2026-06-09 23:59:10,959 [INFO] [TTS] Loading ONNX models with providers: ['CPUExecutionProvider']
2026-06-09 23:59:10,959 [INFO] [TTS] Successfully loaded all ONNX models
2026-06-09 23:59:12,461 [INFO] [TTS] Loaded unicode indexer from /root/.cache/supertonic3/onnx/unicode_indexer.json (65536 entries)
2026-06-09 23:59:12,524 [INFO] [TTS] Model loaded successfully
2026-06-09 23:59:12,591 [INFO] [TTS] Initialized Supertonic engine (sample_rate=44100Hz, latent_dim=24)
2026-06-09 23:59:12,591 [INFO] [TTS] Successfully loaded all ONNX models
2026-06-09 23:59:12,638 [INFO] [TTS] Successfully loaded all ONNX models
2026-06-09 23:59:12,641 [INFO] [TTS] Loaded unicode indexer from /root/.cache/supertonic3/onnx/unicode_indexer.json (65536 entries)
2026-06-09 23:59:12,644 [INFO] [TTS] Model loaded successfully
2026-06-09 23:59:12,645 [INFO] [TTS] Initialized Supertonic engine (sample_rate=44100Hz, latent_dim=24)
2026-06-09 23:59:12,647 [INFO] [TTS] Loaded unicode indexer from /root/.cache/supertonic3/onnx/unicode_indexer.json (65536 entries)
2026-06-09 23:59:12,650 [INFO] [TTS] Model loaded successfully
2026-06-09 23:59:12,650 [INFO] [TTS] Initialized Supertonic engine (sample_rate=44100Hz, latent_dim=24)
2026-06-09 23:59:13,565 [INFO] [TTS] [W1] Pronto (pré-aquecido)
2026-06-09 23:59:13,853 [INFO] [TTS] [W2] Pronto (pré-aquecido)
2026-06-09 23:59:14,107 [INFO] [TTS] [W0] Pronto (pré-aquecido)
2026-06-10 00:02:05,047 [INFO] [TTS] [W1] seq=0 ok (1.86s) 'E aí, Usuário!'
2026-06-10 00:02:05,053 [INFO] [TTS] [STREAM] 1 sentenças enfileiradas em 1891.44ms
2026-06-10 00:02:05,077 [INFO] [TTS] [PLAY] seq=0 (82944 samples)
2026-06-10 00:02:06,200 [INFO] [TTS] [W2] seq=1 ok (1.30s) 'Beleza?'
2026-06-10 00:02:06,201 [INFO] [TTS] [STREAM] 1 sentenças enfileiradas em 1135.46ms
2026-06-10 00:02:06,790 [INFO] [TTS] [PLAY] Fala completa
2026-06-10 00:02:06,833 [INFO] [TTS] [PLAY] seq=1 (58368 samples)
2026-06-10 00:02:06,896 [INFO] [TTS] [W0] seq=2 ok (1.38s) 'Pois é...'
2026-06-10 00:02:06,897 [INFO] [TTS] [STREAM] 1 sentenças enfileiradas em 691.64ms
2026-06-10 00:02:08,028 [INFO] [TTS] [PLAY] Fala completa
2026-06-10 00:02:08,070 [INFO] [TTS] [PLAY] seq=2 (61440 samples)
2026-06-10 00:02:08,144 [INFO] [TTS] [W1] seq=3 ok (6.03s) 'O sistema deu "success" (sucesso), o que é ótimo, '
2026-06-10 00:02:08,144 [INFO] [TTS] [STREAM] 1 sentenças enfileiradas em 1221.67ms
2026-06-10 00:02:08,627 [INFO] [TTS] [W2] seq=4 ok (1.29s) 'pyNone`.'
2026-06-10 00:02:08,628 [INFO] [TTS] [STREAM] 1 sentenças enfileiradas em 480.6ms
2026-06-10 00:02:09,350 [INFO] [TTS] [PLAY] Fala completa
2026-06-10 00:02:09,394 [INFO] [TTS] [PLAY] seq=3 (267264 samples)
2026-06-10 00:02:10,242 [INFO] [TTS] [W0] seq=5 ok (6.10s) 'Isso significa que ele achou o arquivo, mas não co'
2026-06-10 00:02:10,243 [INFO] [TTS] [STREAM] 1 sentenças enfileiradas em 1173.0ms
2026-06-10 00:02:12,202 [INFO] [TTS] [W1] seq=6 ok (6.52s) 'É tipo quando você pede um prato incrível no resta'
2026-06-10 00:02:12,203 [INFO] [TTS] [STREAM] 1 sentenças enfileiradas em 1237.97ms
2026-06-10 00:02:14,309 [INFO] [TTS] [W2] seq=7 ok (5.81s) 'O que sabemos até agora: Status: Sucesso (Ele enco'
2026-06-10 00:02:14,309 [INFO] [TTS] [STREAM] 1 sentenças enfileiradas em 1201.81ms
2026-06-10 00:02:14,950 [INFO] [TTS] [PLAY] Fala completa
2026-06-10 00:02:14,993 [INFO] [TTS] [PLAY] seq=4 (58368 samples)
2026-06-10 00:02:15,839 [INFO] [TTS] [W0] seq=8 ok (4.62s) 'Hash Match: Verdadeiro (É o arquivo certo, sem dúv'
2026-06-10 00:02:15,840 [INFO] [TTS] [STREAM] 1 sentenças enfileiradas em 1002.59ms
2026-06-10 00:02:16,188 [INFO] [TTS] [PLAY] Fala completa
2026-06-10 00:02:16,231 [INFO] [TTS] [PLAY] seq=5 (270336 samples)
2026-06-10 00:02:17,746 [INFO] [TTS] [W1] seq=9 ok (5.49s) 'Reindexado: Falso (Não precisou mexer na estrutura'
2026-06-10 00:02:17,746 [INFO] [TTS] [STREAM] 1 sentenças enfileiradas em 1101.2ms
2026-06-10 00:02:18,313 [INFO] [TTS] [W2] seq=10 ok (2.04s) 'Conteúdo: Vazio ().'
2026-06-10 00:02:18,315 [INFO] [TTS] [STREAM] 1 sentenças enfileiradas em 545.17ms
2026-06-10 00:02:20,581 [INFO] [TTS] [W0] seq=11 ok (4.79s) 'Pra resumir, eu preciso que você me passe o conteú'
2026-06-10 00:02:20,581 [INFO] [TTS] [STREAM] 1 sentenças enfileiradas em 1082.82ms
2026-06-10 00:02:21,140 [INFO] [TTS] [W1] seq=12 ok (1.27s) 'py`!'
2026-06-10 00:02:21,141 [INFO] [TTS] [STREAM] 1 sentenças enfileiradas em 553.68ms
2026-06-10 00:02:21,831 [INFO] [TTS] [PLAY] seq=6 (288768 samples)
2026-06-10 00:02:25,115 [INFO] [TTS] [W2] seq=13 ok (10.34s) 'Manda o código e eu te dou um resumo prático, dire'
2026-06-10 00:02:25,115 [INFO] [TTS] [STREAM] 1 sentenças enfileiradas em 2011.95ms
2026-06-10 00:02:25,612 [INFO] [TTS] [W0] seq=14 ok (1.83s) 'Pode deixar comigo!'
2026-06-10 00:02:25,612 [INFO] [TTS] [STREAM] 1 sentenças enfileiradas em 494.64ms
2026-06-10 00:02:27,868 [INFO] [TTS] [PLAY] Fala completa
2026-06-10 00:02:27,911 [INFO] [TTS] [PLAY] seq=7 (258048 samples)
2026-06-10 00:02:33,265 [INFO] [TTS] [PLAY] seq=8 (205824 samples)
2026-06-10 00:02:37,553 [INFO] [TTS] [PLAY] Fala completa
2026-06-10 00:02:37,586 [INFO] [TTS] [PLAY] seq=9 (242688 samples)
2026-06-10 00:02:42,631 [INFO] [TTS] [PLAY] seq=10 (92160 samples)
2026-06-10 00:02:44,551 [INFO] [TTS] [PLAY] seq=11 (211968 samples)
2026-06-10 00:02:48,945 [INFO] [TTS] [PLAY] seq=12 (58368 samples)
2026-06-10 00:02:50,194 [INFO] [TTS] [PLAY] seq=13 (457728 samples)
2026-06-10 00:02:59,708 [INFO] [TTS] [PLAY] Fala completa
2026-06-10 00:02:59,751 [INFO] [TTS] [PLAY] seq=14 (82944 samples)
2026-06-10 00:03:01,468 [INFO] [TTS] [PLAY] Fala completa
